Archive member included to satisfy reference by file (symbol)

/home/mocul/c_test/rtos_test/gcc-arm-none-eabi-10.3-2021.10/bin/../lib/gcc/arm-none-eabi/10.3.1/../../../../arm-none-eabi/lib/thumb/v7e-m+fp/hard/libc_nano.a(lib_a-exit.o)
                              /home/mocul/c_test/rtos_test/gcc-arm-none-eabi-10.3-2021.10/bin/../lib/gcc/arm-none-eabi/10.3.1/../../../../arm-none-eabi/lib/thumb/v7e-m+fp/hard/crt0.o (exit)
/home/mocul/c_test/rtos_test/gcc-arm-none-eabi-10.3-2021.10/bin/../lib/gcc/arm-none-eabi/10.3.1/../../../../arm-none-eabi/lib/thumb/v7e-m+fp/hard/libc_nano.a(lib_a-impure.o)
                              /home/mocul/c_test/rtos_test/gcc-arm-none-eabi-10.3-2021.10/bin/../lib/gcc/arm-none-eabi/10.3.1/../../../../arm-none-eabi/lib/thumb/v7e-m+fp/hard/libc_nano.a(lib_a-exit.o) (_global_impure_ptr)
/home/mocul/c_test/rtos_test/gcc-arm-none-eabi-10.3-2021.10/bin/../lib/gcc/arm-none-eabi/10.3.1/../../../../arm-none-eabi/lib/thumb/v7e-m+fp/hard/libc_nano.a(lib_a-init.o)
                              /home/mocul/c_test/rtos_test/gcc-arm-none-eabi-10.3-2021.10/bin/../lib/gcc/arm-none-eabi/10.3.1/../../../../arm-none-eabi/lib/thumb/v7e-m+fp/hard/crt0.o (__libc_init_array)
/home/mocul/c_test/rtos_test/gcc-arm-none-eabi-10.3-2021.10/bin/../lib/gcc/arm-none-eabi/10.3.1/../../../../arm-none-eabi/lib/thumb/v7e-m+fp/hard/libc_nano.a(lib_a-memset.o)
                              /home/mocul/c_test/rtos_test/gcc-arm-none-eabi-10.3-2021.10/bin/../lib/gcc/arm-none-eabi/10.3.1/../../../../arm-none-eabi/lib/thumb/v7e-m+fp/hard/crt0.o (memset)
/home/mocul/c_test/rtos_test/gcc-arm-none-eabi-10.3-2021.10/bin/../lib/gcc/arm-none-eabi/10.3.1/../../../../arm-none-eabi/lib/thumb/v7e-m+fp/hard/libnosys.a(_exit.o)
                              /home/mocul/c_test/rtos_test/gcc-arm-none-eabi-10.3-2021.10/bin/../lib/gcc/arm-none-eabi/10.3.1/../../../../arm-none-eabi/lib/thumb/v7e-m+fp/hard/libc_nano.a(lib_a-exit.o) (_exit)
/home/mocul/c_test/rtos_test/gcc-arm-none-eabi-10.3-2021.10/bin/../lib/gcc/arm-none-eabi/10.3.1/thumb/v7e-m+fp/hard/libgcc.a(_aeabi_uldivmod.o)
                              /home/mocul/c_test/rtos_test/mocos/vendor/nordic/nrfx/drivers/src/nrfx_wdt.o (__aeabi_uldivmod)
/home/mocul/c_test/rtos_test/gcc-arm-none-eabi-10.3-2021.10/bin/../lib/gcc/arm-none-eabi/10.3.1/thumb/v7e-m+fp/hard/libgcc.a(_udivmoddi4.o)
                              /home/mocul/c_test/rtos_test/gcc-arm-none-eabi-10.3-2021.10/bin/../lib/gcc/arm-none-eabi/10.3.1/thumb/v7e-m+fp/hard/libgcc.a(_aeabi_uldivmod.o) (__udivmoddi4)
/home/mocul/c_test/rtos_test/gcc-arm-none-eabi-10.3-2021.10/bin/../lib/gcc/arm-none-eabi/10.3.1/thumb/v7e-m+fp/hard/libgcc.a(_dvmd_tls.o)
                              /home/mocul/c_test/rtos_test/gcc-arm-none-eabi-10.3-2021.10/bin/../lib/gcc/arm-none-eabi/10.3.1/thumb/v7e-m+fp/hard/libgcc.a(_aeabi_uldivmod.o) (__aeabi_ldiv0)
/home/mocul/c_test/rtos_test/gcc-arm-none-eabi-10.3-2021.10/bin/../lib/gcc/arm-none-eabi/10.3.1/../../../../arm-none-eabi/lib/thumb/v7e-m+fp/hard/libc_nano.a(lib_a-memcpy-stub.o)
                              /home/mocul/c_test/rtos_test/mocos/boards/arm/nrf52840dk/osImpl/shellMgrImpl.o (memcpy)
/home/mocul/c_test/rtos_test/gcc-arm-none-eabi-10.3-2021.10/bin/../lib/gcc/arm-none-eabi/10.3.1/../../../../arm-none-eabi/lib/thumb/v7e-m+fp/hard/libc_nano.a(lib_a-strlen.o)
                              /home/mocul/c_test/rtos_test/mocos/boards/arm/nrf52840dk/osImpl/shellMgrImpl.o (strlen)

Discarded input sections

 .text          0x0000000000000000        0x0 /home/mocul/c_test/rtos_test/gcc-arm-none-eabi-10.3-2021.10/bin/../lib/gcc/arm-none-eabi/10.3.1/thumb/v7e-m+fp/hard/crti.o
 .data          0x0000000000000000        0x0 /home/mocul/c_test/rtos_test/gcc-arm-none-eabi-10.3-2021.10/bin/../lib/gcc/arm-none-eabi/10.3.1/thumb/v7e-m+fp/hard/crti.o
 .bss           0x0000000000000000        0x0 /home/mocul/c_test/rtos_test/gcc-arm-none-eabi-10.3-2021.10/bin/../lib/gcc/arm-none-eabi/10.3.1/thumb/v7e-m+fp/hard/crti.o
 .data          0x0000000000000000        0x4 /home/mocul/c_test/rtos_test/gcc-arm-none-eabi-10.3-2021.10/bin/../lib/gcc/arm-none-eabi/10.3.1/thumb/v7e-m+fp/hard/crtbegin.o
 .rodata        0x0000000000000000       0x24 /home/mocul/c_test/rtos_test/gcc-arm-none-eabi-10.3-2021.10/bin/../lib/gcc/arm-none-eabi/10.3.1/thumb/v7e-m+fp/hard/crtbegin.o
 .text          0x0000000000000000       0x7c /home/mocul/c_test/rtos_test/gcc-arm-none-eabi-10.3-2021.10/bin/../lib/gcc/arm-none-eabi/10.3.1/../../../../arm-none-eabi/lib/thumb/v7e-m+fp/hard/crt0.o
 .data          0x0000000000000000        0x0 /home/mocul/c_test/rtos_test/gcc-arm-none-eabi-10.3-2021.10/bin/../lib/gcc/arm-none-eabi/10.3.1/../../../../arm-none-eabi/lib/thumb/v7e-m+fp/hard/crt0.o
 .bss           0x0000000000000000        0x0 /home/mocul/c_test/rtos_test/gcc-arm-none-eabi-10.3-2021.10/bin/../lib/gcc/arm-none-eabi/10.3.1/../../../../arm-none-eabi/lib/thumb/v7e-m+fp/hard/crt0.o
 .ARM.extab     0x0000000000000000        0x0 /home/mocul/c_test/rtos_test/gcc-arm-none-eabi-10.3-2021.10/bin/../lib/gcc/arm-none-eabi/10.3.1/../../../../arm-none-eabi/lib/thumb/v7e-m+fp/hard/crt0.o
 .ARM.exidx     0x0000000000000000       0x10 /home/mocul/c_test/rtos_test/gcc-arm-none-eabi-10.3-2021.10/bin/../lib/gcc/arm-none-eabi/10.3.1/../../../../arm-none-eabi/lib/thumb/v7e-m+fp/hard/crt0.o
 .ARM.attributes
                0x0000000000000000       0x1c /home/mocul/c_test/rtos_test/gcc-arm-none-eabi-10.3-2021.10/bin/../lib/gcc/arm-none-eabi/10.3.1/../../../../arm-none-eabi/lib/thumb/v7e-m+fp/hard/crt0.o
 .text          0x0000000000000000        0x0 /home/mocul/c_test/rtos_test/gcc-arm-none-eabi-10.3-2021.10/bin/../lib/gcc/arm-none-eabi/10.3.1/../../../../arm-none-eabi/lib/thumb/v7e-m+fp/hard/libc_nano.a(lib_a-exit.o)
 .data          0x0000000000000000        0x0 /home/mocul/c_test/rtos_test/gcc-arm-none-eabi-10.3-2021.10/bin/../lib/gcc/arm-none-eabi/10.3.1/../../../../arm-none-eabi/lib/thumb/v7e-m+fp/hard/libc_nano.a(lib_a-exit.o)
 .bss           0x0000000000000000        0x0 /home/mocul/c_test/rtos_test/gcc-arm-none-eabi-10.3-2021.10/bin/../lib/gcc/arm-none-eabi/10.3.1/../../../../arm-none-eabi/lib/thumb/v7e-m+fp/hard/libc_nano.a(lib_a-exit.o)
 .text.exit     0x0000000000000000       0x28 /home/mocul/c_test/rtos_test/gcc-arm-none-eabi-10.3-2021.10/bin/../lib/gcc/arm-none-eabi/10.3.1/../../../../arm-none-eabi/lib/thumb/v7e-m+fp/hard/libc_nano.a(lib_a-exit.o)
 .debug_frame   0x0000000000000000       0x28 /home/mocul/c_test/rtos_test/gcc-arm-none-eabi-10.3-2021.10/bin/../lib/gcc/arm-none-eabi/10.3.1/../../../../arm-none-eabi/lib/thumb/v7e-m+fp/hard/libc_nano.a(lib_a-exit.o)
 .ARM.attributes
                0x0000000000000000       0x34 /home/mocul/c_test/rtos_test/gcc-arm-none-eabi-10.3-2021.10/bin/../lib/gcc/arm-none-eabi/10.3.1/../../../../arm-none-eabi/lib/thumb/v7e-m+fp/hard/libc_nano.a(lib_a-exit.o)
 .text          0x0000000000000000        0x0 /home/mocul/c_test/rtos_test/gcc-arm-none-eabi-10.3-2021.10/bin/../lib/gcc/arm-none-eabi/10.3.1/../../../../arm-none-eabi/lib/thumb/v7e-m+fp/hard/libc_nano.a(lib_a-impure.o)
 .data          0x0000000000000000        0x0 /home/mocul/c_test/rtos_test/gcc-arm-none-eabi-10.3-2021.10/bin/../lib/gcc/arm-none-eabi/10.3.1/../../../../arm-none-eabi/lib/thumb/v7e-m+fp/hard/libc_nano.a(lib_a-impure.o)
 .bss           0x0000000000000000        0x0 /home/mocul/c_test/rtos_test/gcc-arm-none-eabi-10.3-2021.10/bin/../lib/gcc/arm-none-eabi/10.3.1/../../../../arm-none-eabi/lib/thumb/v7e-m+fp/hard/libc_nano.a(lib_a-impure.o)
 .data._impure_ptr
                0x0000000000000000        0x4 /home/mocul/c_test/rtos_test/gcc-arm-none-eabi-10.3-2021.10/bin/../lib/gcc/arm-none-eabi/10.3.1/../../../../arm-none-eabi/lib/thumb/v7e-m+fp/hard/libc_nano.a(lib_a-impure.o)
 .data.impure_data
                0x0000000000000000       0x60 /home/mocul/c_test/rtos_test/gcc-arm-none-eabi-10.3-2021.10/bin/../lib/gcc/arm-none-eabi/10.3.1/../../../../arm-none-eabi/lib/thumb/v7e-m+fp/hard/libc_nano.a(lib_a-impure.o)
 .rodata._global_impure_ptr
                0x0000000000000000        0x4 /home/mocul/c_test/rtos_test/gcc-arm-none-eabi-10.3-2021.10/bin/../lib/gcc/arm-none-eabi/10.3.1/../../../../arm-none-eabi/lib/thumb/v7e-m+fp/hard/libc_nano.a(lib_a-impure.o)
 .ARM.attributes
                0x0000000000000000       0x34 /home/mocul/c_test/rtos_test/gcc-arm-none-eabi-10.3-2021.10/bin/../lib/gcc/arm-none-eabi/10.3.1/../../../../arm-none-eabi/lib/thumb/v7e-m+fp/hard/libc_nano.a(lib_a-impure.o)
 .text          0x0000000000000000        0x0 /home/mocul/c_test/rtos_test/gcc-arm-none-eabi-10.3-2021.10/bin/../lib/gcc/arm-none-eabi/10.3.1/../../../../arm-none-eabi/lib/thumb/v7e-m+fp/hard/libc_nano.a(lib_a-init.o)
 .data          0x0000000000000000        0x0 /home/mocul/c_test/rtos_test/gcc-arm-none-eabi-10.3-2021.10/bin/../lib/gcc/arm-none-eabi/10.3.1/../../../../arm-none-eabi/lib/thumb/v7e-m+fp/hard/libc_nano.a(lib_a-init.o)
 .bss           0x0000000000000000        0x0 /home/mocul/c_test/rtos_test/gcc-arm-none-eabi-10.3-2021.10/bin/../lib/gcc/arm-none-eabi/10.3.1/../../../../arm-none-eabi/lib/thumb/v7e-m+fp/hard/libc_nano.a(lib_a-init.o)
 .text.__libc_init_array
                0x0000000000000000       0x48 /home/mocul/c_test/rtos_test/gcc-arm-none-eabi-10.3-2021.10/bin/../lib/gcc/arm-none-eabi/10.3.1/../../../../arm-none-eabi/lib/thumb/v7e-m+fp/hard/libc_nano.a(lib_a-init.o)
 .debug_frame   0x0000000000000000       0x2c /home/mocul/c_test/rtos_test/gcc-arm-none-eabi-10.3-2021.10/bin/../lib/gcc/arm-none-eabi/10.3.1/../../../../arm-none-eabi/lib/thumb/v7e-m+fp/hard/libc_nano.a(lib_a-init.o)
 .ARM.attributes
                0x0000000000000000       0x34 /home/mocul/c_test/rtos_test/gcc-arm-none-eabi-10.3-2021.10/bin/../lib/gcc/arm-none-eabi/10.3.1/../../../../arm-none-eabi/lib/thumb/v7e-m+fp/hard/libc_nano.a(lib_a-init.o)
 .text          0x0000000000000000        0x0 /home/mocul/c_test/rtos_test/gcc-arm-none-eabi-10.3-2021.10/bin/../lib/gcc/arm-none-eabi/10.3.1/../../../../arm-none-eabi/lib/thumb/v7e-m+fp/hard/libc_nano.a(lib_a-memset.o)
 .data          0x0000000000000000        0x0 /home/mocul/c_test/rtos_test/gcc-arm-none-eabi-10.3-2021.10/bin/../lib/gcc/arm-none-eabi/10.3.1/../../../../arm-none-eabi/lib/thumb/v7e-m+fp/hard/libc_nano.a(lib_a-memset.o)
 .bss           0x0000000000000000        0x0 /home/mocul/c_test/rtos_test/gcc-arm-none-eabi-10.3-2021.10/bin/../lib/gcc/arm-none-eabi/10.3.1/../../../../arm-none-eabi/lib/thumb/v7e-m+fp/hard/libc_nano.a(lib_a-memset.o)
 .text          0x0000000000000000        0x0 /home/mocul/c_test/rtos_test/gcc-arm-none-eabi-10.3-2021.10/bin/../lib/gcc/arm-none-eabi/10.3.1/../../../../arm-none-eabi/lib/thumb/v7e-m+fp/hard/libnosys.a(_exit.o)
 .data          0x0000000000000000        0x0 /home/mocul/c_test/rtos_test/gcc-arm-none-eabi-10.3-2021.10/bin/../lib/gcc/arm-none-eabi/10.3.1/../../../../arm-none-eabi/lib/thumb/v7e-m+fp/hard/libnosys.a(_exit.o)
 .bss           0x0000000000000000        0x0 /home/mocul/c_test/rtos_test/gcc-arm-none-eabi-10.3-2021.10/bin/../lib/gcc/arm-none-eabi/10.3.1/../../../../arm-none-eabi/lib/thumb/v7e-m+fp/hard/libnosys.a(_exit.o)
 .text._exit    0x0000000000000000        0x4 /home/mocul/c_test/rtos_test/gcc-arm-none-eabi-10.3-2021.10/bin/../lib/gcc/arm-none-eabi/10.3.1/../../../../arm-none-eabi/lib/thumb/v7e-m+fp/hard/libnosys.a(_exit.o)
 .debug_frame   0x0000000000000000       0x20 /home/mocul/c_test/rtos_test/gcc-arm-none-eabi-10.3-2021.10/bin/../lib/gcc/arm-none-eabi/10.3.1/../../../../arm-none-eabi/lib/thumb/v7e-m+fp/hard/libnosys.a(_exit.o)
 .ARM.attributes
                0x0000000000000000       0x34 /home/mocul/c_test/rtos_test/gcc-arm-none-eabi-10.3-2021.10/bin/../lib/gcc/arm-none-eabi/10.3.1/../../../../arm-none-eabi/lib/thumb/v7e-m+fp/hard/libnosys.a(_exit.o)
 .text          0x0000000000000000        0x0 /home/mocul/c_test/rtos_test/mocos/vendor/nordic/nrfx/drivers/src/nrfx_adc.o
 .data          0x0000000000000000        0x0 /home/mocul/c_test/rtos_test/mocos/vendor/nordic/nrfx/drivers/src/nrfx_adc.o
 .bss           0x0000000000000000        0x0 /home/mocul/c_test/rtos_test/mocos/vendor/nordic/nrfx/drivers/src/nrfx_adc.o
 .comment       0x0000000000000000       0x4a /home/mocul/c_test/rtos_test/mocos/vendor/nordic/nrfx/drivers/src/nrfx_adc.o
 .ARM.attributes
                0x0000000000000000       0x34 /home/mocul/c_test/rtos_test/mocos/vendor/nordic/nrfx/drivers/src/nrfx_adc.o
 .data          0x0000000000000000        0x0 /home/mocul/c_test/rtos_test/mocos/vendor/nordic/nrfx/drivers/src/nrfx_clock.o
 .text          0x0000000000000000      0x6c8 /home/mocul/c_test/rtos_test/mocos/vendor/nordic/nrfx/drivers/src/nrfx_comp.o
 .data          0x0000000000000000        0x0 /home/mocul/c_test/rtos_test/mocos/vendor/nordic/nrfx/drivers/src/nrfx_comp.o
 .bss           0x0000000000000000        0x5 /home/mocul/c_test/rtos_test/mocos/vendor/nordic/nrfx/drivers/src/nrfx_comp.o
 .comment       0x0000000000000000       0x4a /home/mocul/c_test/rtos_test/mocos/vendor/nordic/nrfx/drivers/src/nrfx_comp.o
 .ARM.attributes
                0x0000000000000000       0x34 /home/mocul/c_test/rtos_test/mocos/vendor/nordic/nrfx/drivers/src/nrfx_comp.o
 .text          0x0000000000000000        0x0 /home/mocul/c_test/rtos_test/mocos/vendor/nordic/nrfx/drivers/src/nrfx_dppi.o
 .data          0x0000000000000000        0x0 /home/mocul/c_test/rtos_test/mocos/vendor/nordic/nrfx/drivers/src/nrfx_dppi.o
 .bss           0x0000000000000000        0x0 /home/mocul/c_test/rtos_test/mocos/vendor/nordic/nrfx/drivers/src/nrfx_dppi.o
 .comment       0x0000000000000000       0x4a /home/mocul/c_test/rtos_test/mocos/vendor/nordic/nrfx/drivers/src/nrfx_dppi.o
 .ARM.attributes
                0x0000000000000000       0x34 /home/mocul/c_test/rtos_test/mocos/vendor/nordic/nrfx/drivers/src/nrfx_dppi.o
 .data          0x0000000000000000        0x0 /home/mocul/c_test/rtos_test/mocos/vendor/nordic/nrfx/drivers/src/nrfx_gpiote.o
 .data          0x0000000000000000        0x0 /home/mocul/c_test/rtos_test/mocos/vendor/nordic/nrfx/drivers/src/nrfx_i2s.o
 .text          0x0000000000000000      0x50c /home/mocul/c_test/rtos_test/mocos/vendor/nordic/nrfx/drivers/src/nrfx_lpcomp.o
 .data          0x0000000000000000        0x0 /home/mocul/c_test/rtos_test/mocos/vendor/nordic/nrfx/drivers/src/nrfx_lpcomp.o
 .bss           0x0000000000000000        0x5 /home/mocul/c_test/rtos_test/mocos/vendor/nordic/nrfx/drivers/src/nrfx_lpcomp.o
 .comment       0x0000000000000000       0x4a /home/mocul/c_test/rtos_test/mocos/vendor/nordic/nrfx/drivers/src/nrfx_lpcomp.o
 .ARM.attributes
                0x0000000000000000       0x34 /home/mocul/c_test/rtos_test/mocos/vendor/nordic/nrfx/drivers/src/nrfx_lpcomp.o
 .text          0x0000000000000000      0x5f0 /home/mocul/c_test/rtos_test/mocos/vendor/nordic/nrfx/drivers/src/nrfx_nvmc.o
 .data          0x0000000000000000        0x4 /home/mocul/c_test/rtos_test/mocos/vendor/nordic/nrfx/drivers/src/nrfx_nvmc.o
 .bss           0x0000000000000000        0x4 /home/mocul/c_test/rtos_test/mocos/vendor/nordic/nrfx/drivers/src/nrfx_nvmc.o
 .comment       0x0000000000000000       0x4a /home/mocul/c_test/rtos_test/mocos/vendor/nordic/nrfx/drivers/src/nrfx_nvmc.o
 .ARM.attributes
                0x0000000000000000       0x34 /home/mocul/c_test/rtos_test/mocos/vendor/nordic/nrfx/drivers/src/nrfx_nvmc.o
 .data          0x0000000000000000        0x0 /home/mocul/c_test/rtos_test/mocos/vendor/nordic/nrfx/drivers/src/nrfx_pdm.o
 .data          0x0000000000000000        0x0 /home/mocul/c_test/rtos_test/mocos/vendor/nordic/nrfx/drivers/src/nrfx_power.o
 .text          0x0000000000000000      0x95c /home/mocul/c_test/rtos_test/mocos/vendor/nordic/nrfx/drivers/src/nrfx_ppi.o
 .data          0x0000000000000000        0x0 /home/mocul/c_test/rtos_test/mocos/vendor/nordic/nrfx/drivers/src/nrfx_ppi.o
 .bss           0x0000000000000000        0x5 /home/mocul/c_test/rtos_test/mocos/vendor/nordic/nrfx/drivers/src/nrfx_ppi.o
 .comment       0x0000000000000000       0x4a /home/mocul/c_test/rtos_test/mocos/vendor/nordic/nrfx/drivers/src/nrfx_ppi.o
 .ARM.attributes
                0x0000000000000000       0x34 /home/mocul/c_test/rtos_test/mocos/vendor/nordic/nrfx/drivers/src/nrfx_ppi.o
 .data          0x0000000000000000        0x0 /home/mocul/c_test/rtos_test/mocos/vendor/nordic/nrfx/drivers/src/nrfx_pwm.o
 .data          0x0000000000000000        0x0 /home/mocul/c_test/rtos_test/mocos/vendor/nordic/nrfx/drivers/src/nrfx_qdec.o
 .data          0x0000000000000000        0x0 /home/mocul/c_test/rtos_test/mocos/vendor/nordic/nrfx/drivers/src/nrfx_qspi.o
 .data          0x0000000000000000        0x0 /home/mocul/c_test/rtos_test/mocos/vendor/nordic/nrfx/drivers/src/nrfx_rng.o
 .data          0x0000000000000000        0x0 /home/mocul/c_test/rtos_test/mocos/vendor/nordic/nrfx/drivers/src/nrfx_rtc.o
 .data          0x0000000000000000        0x0 /home/mocul/c_test/rtos_test/mocos/vendor/nordic/nrfx/drivers/src/nrfx_saadc.o
 .text          0x0000000000000000      0xa54 /home/mocul/c_test/rtos_test/mocos/vendor/nordic/nrfx/drivers/src/nrfx_spi.o
 .data          0x0000000000000000        0x0 /home/mocul/c_test/rtos_test/mocos/vendor/nordic/nrfx/drivers/src/nrfx_spi.o
 .bss           0x0000000000000000       0x84 /home/mocul/c_test/rtos_test/mocos/vendor/nordic/nrfx/drivers/src/nrfx_spi.o
 .rodata        0x0000000000000000        0xc /home/mocul/c_test/rtos_test/mocos/vendor/nordic/nrfx/drivers/src/nrfx_spi.o
 .comment       0x0000000000000000       0x4a /home/mocul/c_test/rtos_test/mocos/vendor/nordic/nrfx/drivers/src/nrfx_spi.o
 .ARM.attributes
                0x0000000000000000       0x34 /home/mocul/c_test/rtos_test/mocos/vendor/nordic/nrfx/drivers/src/nrfx_spi.o
 .data          0x0000000000000000        0x0 /home/mocul/c_test/rtos_test/mocos/vendor/nordic/nrfx/drivers/src/nrfx_spim.o
 .text          0x0000000000000000      0x978 /home/mocul/c_test/rtos_test/mocos/vendor/nordic/nrfx/drivers/src/nrfx_spis.o
 .data          0x0000000000000000        0x0 /home/mocul/c_test/rtos_test/mocos/vendor/nordic/nrfx/drivers/src/nrfx_spis.o
 .bss           0x0000000000000000       0x54 /home/mocul/c_test/rtos_test/mocos/vendor/nordic/nrfx/drivers/src/nrfx_spis.o
 .rodata        0x0000000000000000        0xc /home/mocul/c_test/rtos_test/mocos/vendor/nordic/nrfx/drivers/src/nrfx_spis.o
 .comment       0x0000000000000000       0x4a /home/mocul/c_test/rtos_test/mocos/vendor/nordic/nrfx/drivers/src/nrfx_spis.o
 .ARM.attributes
                0x0000000000000000       0x34 /home/mocul/c_test/rtos_test/mocos/vendor/nordic/nrfx/drivers/src/nrfx_spis.o
 .data          0x0000000000000000        0x0 /home/mocul/c_test/rtos_test/mocos/vendor/nordic/nrfx/drivers/src/nrfx_swi.o
 .text          0x0000000000000000      0x1b4 /home/mocul/c_test/rtos_test/mocos/vendor/nordic/nrfx/drivers/src/nrfx_systick.o
 .data          0x0000000000000000        0x0 /home/mocul/c_test/rtos_test/mocos/vendor/nordic/nrfx/drivers/src/nrfx_systick.o
 .bss           0x0000000000000000        0x0 /home/mocul/c_test/rtos_test/mocos/vendor/nordic/nrfx/drivers/src/nrfx_systick.o
 .comment       0x0000000000000000       0x4a /home/mocul/c_test/rtos_test/mocos/vendor/nordic/nrfx/drivers/src/nrfx_systick.o
 .ARM.attributes
                0x0000000000000000       0x34 /home/mocul/c_test/rtos_test/mocos/vendor/nordic/nrfx/drivers/src/nrfx_systick.o
 .data          0x0000000000000000        0x0 /home/mocul/c_test/rtos_test/mocos/vendor/nordic/nrfx/drivers/src/nrfx_temp.o
 .data          0x0000000000000000        0x0 /home/mocul/c_test/rtos_test/mocos/vendor/nordic/nrfx/drivers/src/nrfx_timer.o
 .text          0x0000000000000000      0xfdc /home/mocul/c_test/rtos_test/mocos/vendor/nordic/nrfx/drivers/src/nrfx_twi.o
 .data          0x0000000000000000        0x0 /home/mocul/c_test/rtos_test/mocos/vendor/nordic/nrfx/drivers/src/nrfx_twi.o
 .bss           0x0000000000000000       0x78 /home/mocul/c_test/rtos_test/mocos/vendor/nordic/nrfx/drivers/src/nrfx_twi.o
 .rodata        0x0000000000000000        0x8 /home/mocul/c_test/rtos_test/mocos/vendor/nordic/nrfx/drivers/src/nrfx_twi.o
 .comment       0x0000000000000000       0x4a /home/mocul/c_test/rtos_test/mocos/vendor/nordic/nrfx/drivers/src/nrfx_twi.o
 .ARM.attributes
                0x0000000000000000       0x34 /home/mocul/c_test/rtos_test/mocos/vendor/nordic/nrfx/drivers/src/nrfx_twi.o
 .text          0x0000000000000000     0x1140 /home/mocul/c_test/rtos_test/mocos/vendor/nordic/nrfx/drivers/src/nrfx_twim.o
 .data          0x0000000000000000        0x0 /home/mocul/c_test/rtos_test/mocos/vendor/nordic/nrfx/drivers/src/nrfx_twim.o
 .bss           0x0000000000000000       0x68 /home/mocul/c_test/rtos_test/mocos/vendor/nordic/nrfx/drivers/src/nrfx_twim.o
 .rodata        0x0000000000000000        0x8 /home/mocul/c_test/rtos_test/mocos/vendor/nordic/nrfx/drivers/src/nrfx_twim.o
 .comment       0x0000000000000000       0x4a /home/mocul/c_test/rtos_test/mocos/vendor/nordic/nrfx/drivers/src/nrfx_twim.o
 .ARM.attributes
                0x0000000000000000       0x34 /home/mocul/c_test/rtos_test/mocos/vendor/nordic/nrfx/drivers/src/nrfx_twim.o
 .text          0x0000000000000000     0x102c /home/mocul/c_test/rtos_test/mocos/vendor/nordic/nrfx/drivers/src/nrfx_twis.o
 .data          0x0000000000000000        0x0 /home/mocul/c_test/rtos_test/mocos/vendor/nordic/nrfx/drivers/src/nrfx_twis.o
 .bss           0x0000000000000000       0x18 /home/mocul/c_test/rtos_test/mocos/vendor/nordic/nrfx/drivers/src/nrfx_twis.o
 .rodata        0x0000000000000000       0x10 /home/mocul/c_test/rtos_test/mocos/vendor/nordic/nrfx/drivers/src/nrfx_twis.o
 .comment       0x0000000000000000       0x4a /home/mocul/c_test/rtos_test/mocos/vendor/nordic/nrfx/drivers/src/nrfx_twis.o
 .ARM.attributes
                0x0000000000000000       0x34 /home/mocul/c_test/rtos_test/mocos/vendor/nordic/nrfx/drivers/src/nrfx_twis.o
 .text          0x0000000000000000      0x248 /home/mocul/c_test/rtos_test/mocos/vendor/nordic/nrfx/drivers/src/nrfx_twi_twim.o
 .data          0x0000000000000000        0x0 /home/mocul/c_test/rtos_test/mocos/vendor/nordic/nrfx/drivers/src/nrfx_twi_twim.o
 .bss           0x0000000000000000        0x0 /home/mocul/c_test/rtos_test/mocos/vendor/nordic/nrfx/drivers/src/nrfx_twi_twim.o
 .rodata        0x0000000000000000        0x6 /home/mocul/c_test/rtos_test/mocos/vendor/nordic/nrfx/drivers/src/nrfx_twi_twim.o
 .comment       0x0000000000000000       0x4a /home/mocul/c_test/rtos_test/mocos/vendor/nordic/nrfx/drivers/src/nrfx_twi_twim.o
 .ARM.attributes
                0x0000000000000000       0x34 /home/mocul/c_test/rtos_test/mocos/vendor/nordic/nrfx/drivers/src/nrfx_twi_twim.o
 .text          0x0000000000000000     0x1038 /home/mocul/c_test/rtos_test/mocos/vendor/nordic/nrfx/drivers/src/nrfx_uart.o
 .data          0x0000000000000000        0x0 /home/mocul/c_test/rtos_test/mocos/vendor/nordic/nrfx/drivers/src/nrfx_uart.o
 .bss           0x0000000000000000       0x2c /home/mocul/c_test/rtos_test/mocos/vendor/nordic/nrfx/drivers/src/nrfx_uart.o
 .rodata        0x0000000000000000        0x4 /home/mocul/c_test/rtos_test/mocos/vendor/nordic/nrfx/drivers/src/nrfx_uart.o
 .comment       0x0000000000000000       0x4a /home/mocul/c_test/rtos_test/mocos/vendor/nordic/nrfx/drivers/src/nrfx_uart.o
 .ARM.attributes
                0x0000000000000000       0x34 /home/mocul/c_test/rtos_test/mocos/vendor/nordic/nrfx/drivers/src/nrfx_uart.o
 .data          0x0000000000000000        0x0 /home/mocul/c_test/rtos_test/mocos/vendor/nordic/nrfx/drivers/src/nrfx_uarte.o
 .text          0x0000000000000000        0x0 /home/mocul/c_test/rtos_test/mocos/vendor/nordic/nrfx/drivers/src/nrfx_usbd.o
 .data          0x0000000000000000        0x0 /home/mocul/c_test/rtos_test/mocos/vendor/nordic/nrfx/drivers/src/nrfx_usbd.o
 .bss           0x0000000000000000        0x0 /home/mocul/c_test/rtos_test/mocos/vendor/nordic/nrfx/drivers/src/nrfx_usbd.o
 .comment       0x0000000000000000       0x4a /home/mocul/c_test/rtos_test/mocos/vendor/nordic/nrfx/drivers/src/nrfx_usbd.o
 .ARM.attributes
                0x0000000000000000       0x34 /home/mocul/c_test/rtos_test/mocos/vendor/nordic/nrfx/drivers/src/nrfx_usbd.o
 .data          0x0000000000000000        0x0 /home/mocul/c_test/rtos_test/mocos/vendor/nordic/nrfx/drivers/src/nrfx_wdt.o
 .data          0x0000000000000000        0x0 /home/mocul/c_test/rtos_test/mocos/vendor/nordic/nrfx/drivers/src/prs/nrfx_prs.o
 .bss           0x0000000000000000        0x0 /home/mocul/c_test/rtos_test/mocos/lib/shellMgr/shellMgr.o
 .bss           0x0000000000000000        0x0 /home/mocul/c_test/rtos_test/mocos/boards/arm/nrf52840dk/reset_handler/system_nrf52.o
 .data          0x0000000000000000        0x0 /home/mocul/c_test/rtos_test/mocos/boards/arm/nrf52840dk/reset_handler/gcc_startup_nrf52840.o
 .bss           0x0000000000000000        0x0 /home/mocul/c_test/rtos_test/mocos/boards/arm/nrf52840dk/reset_handler/gcc_startup_nrf52840.o
 .data          0x0000000000000000        0x0 /home/mocul/c_test/rtos_test/gcc-arm-none-eabi-10.3-2021.10/bin/../lib/gcc/arm-none-eabi/10.3.1/thumb/v7e-m+fp/hard/libgcc.a(_aeabi_uldivmod.o)
 .bss           0x0000000000000000        0x0 /home/mocul/c_test/rtos_test/gcc-arm-none-eabi-10.3-2021.10/bin/../lib/gcc/arm-none-eabi/10.3.1/thumb/v7e-m+fp/hard/libgcc.a(_aeabi_uldivmod.o)
 .data          0x0000000000000000        0x0 /home/mocul/c_test/rtos_test/gcc-arm-none-eabi-10.3-2021.10/bin/../lib/gcc/arm-none-eabi/10.3.1/thumb/v7e-m+fp/hard/libgcc.a(_udivmoddi4.o)
 .bss           0x0000000000000000        0x0 /home/mocul/c_test/rtos_test/gcc-arm-none-eabi-10.3-2021.10/bin/../lib/gcc/arm-none-eabi/10.3.1/thumb/v7e-m+fp/hard/libgcc.a(_udivmoddi4.o)
 .ARM.extab     0x0000000000000000        0x0 /home/mocul/c_test/rtos_test/gcc-arm-none-eabi-10.3-2021.10/bin/../lib/gcc/arm-none-eabi/10.3.1/thumb/v7e-m+fp/hard/libgcc.a(_udivmoddi4.o)
 .data          0x0000000000000000        0x0 /home/mocul/c_test/rtos_test/gcc-arm-none-eabi-10.3-2021.10/bin/../lib/gcc/arm-none-eabi/10.3.1/thumb/v7e-m+fp/hard/libgcc.a(_dvmd_tls.o)
 .bss           0x0000000000000000        0x0 /home/mocul/c_test/rtos_test/gcc-arm-none-eabi-10.3-2021.10/bin/../lib/gcc/arm-none-eabi/10.3.1/thumb/v7e-m+fp/hard/libgcc.a(_dvmd_tls.o)
 .text          0x0000000000000000        0x0 /home/mocul/c_test/rtos_test/gcc-arm-none-eabi-10.3-2021.10/bin/../lib/gcc/arm-none-eabi/10.3.1/../../../../arm-none-eabi/lib/thumb/v7e-m+fp/hard/libc_nano.a(lib_a-memcpy-stub.o)
 .data          0x0000000000000000        0x0 /home/mocul/c_test/rtos_test/gcc-arm-none-eabi-10.3-2021.10/bin/../lib/gcc/arm-none-eabi/10.3.1/../../../../arm-none-eabi/lib/thumb/v7e-m+fp/hard/libc_nano.a(lib_a-memcpy-stub.o)
 .bss           0x0000000000000000        0x0 /home/mocul/c_test/rtos_test/gcc-arm-none-eabi-10.3-2021.10/bin/../lib/gcc/arm-none-eabi/10.3.1/../../../../arm-none-eabi/lib/thumb/v7e-m+fp/hard/libc_nano.a(lib_a-memcpy-stub.o)
 .data          0x0000000000000000        0x0 /home/mocul/c_test/rtos_test/gcc-arm-none-eabi-10.3-2021.10/bin/../lib/gcc/arm-none-eabi/10.3.1/../../../../arm-none-eabi/lib/thumb/v7e-m+fp/hard/libc_nano.a(lib_a-strlen.o)
 .bss           0x0000000000000000        0x0 /home/mocul/c_test/rtos_test/gcc-arm-none-eabi-10.3-2021.10/bin/../lib/gcc/arm-none-eabi/10.3.1/../../../../arm-none-eabi/lib/thumb/v7e-m+fp/hard/libc_nano.a(lib_a-strlen.o)
 .text          0x0000000000000000        0x0 /home/mocul/c_test/rtos_test/gcc-arm-none-eabi-10.3-2021.10/bin/../lib/gcc/arm-none-eabi/10.3.1/thumb/v7e-m+fp/hard/crtend.o
 .data          0x0000000000000000        0x0 /home/mocul/c_test/rtos_test/gcc-arm-none-eabi-10.3-2021.10/bin/../lib/gcc/arm-none-eabi/10.3.1/thumb/v7e-m+fp/hard/crtend.o
 .bss           0x0000000000000000        0x0 /home/mocul/c_test/rtos_test/gcc-arm-none-eabi-10.3-2021.10/bin/../lib/gcc/arm-none-eabi/10.3.1/thumb/v7e-m+fp/hard/crtend.o
 .rodata        0x0000000000000000       0x24 /home/mocul/c_test/rtos_test/gcc-arm-none-eabi-10.3-2021.10/bin/../lib/gcc/arm-none-eabi/10.3.1/thumb/v7e-m+fp/hard/crtend.o
 .text          0x0000000000000000        0x0 /home/mocul/c_test/rtos_test/gcc-arm-none-eabi-10.3-2021.10/bin/../lib/gcc/arm-none-eabi/10.3.1/thumb/v7e-m+fp/hard/crtn.o
 .data          0x0000000000000000        0x0 /home/mocul/c_test/rtos_test/gcc-arm-none-eabi-10.3-2021.10/bin/../lib/gcc/arm-none-eabi/10.3.1/thumb/v7e-m+fp/hard/crtn.o
 .bss           0x0000000000000000        0x0 /home/mocul/c_test/rtos_test/gcc-arm-none-eabi-10.3-2021.10/bin/../lib/gcc/arm-none-eabi/10.3.1/thumb/v7e-m+fp/hard/crtn.o

Memory Configuration

Name             Origin             Length             Attributes
FLASH            0x0000000000000000 0x0000000000100000 xr
EXTFLASH         0x0000000012000000 0x0000000008000000 xr
RAM              0x0000000020000000 0x0000000000040000 xrw
CODE_RAM         0x0000000000800000 0x0000000000040000 xrw
*default*        0x0000000000000000 0xffffffffffffffff

Linker script and memory map

LOAD /home/mocul/c_test/rtos_test/gcc-arm-none-eabi-10.3-2021.10/bin/../lib/gcc/arm-none-eabi/10.3.1/thumb/v7e-m+fp/hard/crti.o
LOAD /home/mocul/c_test/rtos_test/gcc-arm-none-eabi-10.3-2021.10/bin/../lib/gcc/arm-none-eabi/10.3.1/thumb/v7e-m+fp/hard/crtbegin.o
LOAD /home/mocul/c_test/rtos_test/gcc-arm-none-eabi-10.3-2021.10/bin/../lib/gcc/arm-none-eabi/10.3.1/../../../../arm-none-eabi/lib/thumb/v7e-m+fp/hard/crt0.o
LOAD /home/mocul/c_test/rtos_test/gcc-arm-none-eabi-10.3-2021.10/bin/../lib/gcc/arm-none-eabi/10.3.1/../../../../arm-none-eabi/lib/thumb/v7e-m+fp/hard/libc_nano.a
LOAD /home/mocul/c_test/rtos_test/gcc-arm-none-eabi-10.3-2021.10/bin/../lib/gcc/arm-none-eabi/10.3.1/../../../../arm-none-eabi/lib/thumb/v7e-m+fp/hard/libnosys.a
LOAD /home/mocul/c_test/rtos_test/gcc-arm-none-eabi-10.3-2021.10/bin/../lib/gcc/arm-none-eabi/10.3.1/../../../../arm-none-eabi/lib/thumb/v7e-m+fp/hard/libm.a
LOAD /home/mocul/c_test/rtos_test/mocos/vendor/nordic/nrfx/drivers/src/nrfx_adc.o
LOAD /home/mocul/c_test/rtos_test/mocos/vendor/nordic/nrfx/drivers/src/nrfx_clock.o
LOAD /home/mocul/c_test/rtos_test/mocos/vendor/nordic/nrfx/drivers/src/nrfx_comp.o
LOAD /home/mocul/c_test/rtos_test/mocos/vendor/nordic/nrfx/drivers/src/nrfx_dppi.o
LOAD /home/mocul/c_test/rtos_test/mocos/vendor/nordic/nrfx/drivers/src/nrfx_gpiote.o
LOAD /home/mocul/c_test/rtos_test/mocos/vendor/nordic/nrfx/drivers/src/nrfx_i2s.o
LOAD /home/mocul/c_test/rtos_test/mocos/vendor/nordic/nrfx/drivers/src/nrfx_lpcomp.o
LOAD /home/mocul/c_test/rtos_test/mocos/vendor/nordic/nrfx/drivers/src/nrfx_nfct.o
LOAD /home/mocul/c_test/rtos_test/mocos/vendor/nordic/nrfx/drivers/src/nrfx_nvmc.o
LOAD /home/mocul/c_test/rtos_test/mocos/vendor/nordic/nrfx/drivers/src/nrfx_pdm.o
LOAD /home/mocul/c_test/rtos_test/mocos/vendor/nordic/nrfx/drivers/src/nrfx_power.o
LOAD /home/mocul/c_test/rtos_test/mocos/vendor/nordic/nrfx/drivers/src/nrfx_ppi.o
LOAD /home/mocul/c_test/rtos_test/mocos/vendor/nordic/nrfx/drivers/src/nrfx_pwm.o
LOAD /home/mocul/c_test/rtos_test/mocos/vendor/nordic/nrfx/drivers/src/nrfx_qdec.o
LOAD /home/mocul/c_test/rtos_test/mocos/vendor/nordic/nrfx/drivers/src/nrfx_qspi.o
LOAD /home/mocul/c_test/rtos_test/mocos/vendor/nordic/nrfx/drivers/src/nrfx_rng.o
LOAD /home/mocul/c_test/rtos_test/mocos/vendor/nordic/nrfx/drivers/src/nrfx_rtc.o
LOAD /home/mocul/c_test/rtos_test/mocos/vendor/nordic/nrfx/drivers/src/nrfx_saadc.o
LOAD /home/mocul/c_test/rtos_test/mocos/vendor/nordic/nrfx/drivers/src/nrfx_spi.o
LOAD /home/mocul/c_test/rtos_test/mocos/vendor/nordic/nrfx/drivers/src/nrfx_spim.o
LOAD /home/mocul/c_test/rtos_test/mocos/vendor/nordic/nrfx/drivers/src/nrfx_spis.o
LOAD /home/mocul/c_test/rtos_test/mocos/vendor/nordic/nrfx/drivers/src/nrfx_swi.o
LOAD /home/mocul/c_test/rtos_test/mocos/vendor/nordic/nrfx/drivers/src/nrfx_systick.o
LOAD /home/mocul/c_test/rtos_test/mocos/vendor/nordic/nrfx/drivers/src/nrfx_temp.o
LOAD /home/mocul/c_test/rtos_test/mocos/vendor/nordic/nrfx/drivers/src/nrfx_timer.o
LOAD /home/mocul/c_test/rtos_test/mocos/vendor/nordic/nrfx/drivers/src/nrfx_twi.o
LOAD /home/mocul/c_test/rtos_test/mocos/vendor/nordic/nrfx/drivers/src/nrfx_twim.o
LOAD /home/mocul/c_test/rtos_test/mocos/vendor/nordic/nrfx/drivers/src/nrfx_twis.o
LOAD /home/mocul/c_test/rtos_test/mocos/vendor/nordic/nrfx/drivers/src/nrfx_twi_twim.o
LOAD /home/mocul/c_test/rtos_test/mocos/vendor/nordic/nrfx/drivers/src/nrfx_uart.o
LOAD /home/mocul/c_test/rtos_test/mocos/vendor/nordic/nrfx/drivers/src/nrfx_uarte.o
LOAD /home/mocul/c_test/rtos_test/mocos/vendor/nordic/nrfx/drivers/src/nrfx_usbd.o
LOAD /home/mocul/c_test/rtos_test/mocos/vendor/nordic/nrfx/drivers/src/nrfx_wdt.o
LOAD /home/mocul/c_test/rtos_test/mocos/vendor/nordic/nrfx/drivers/src/prs/nrfx_prs.o
LOAD /home/mocul/c_test/rtos_test/mocos/examples/hello_world/src/main.o
LOAD /home/mocul/c_test/rtos_test/mocos/lib/shellMgr/shellMgr.o
LOAD /home/mocul/c_test/rtos_test/mocos/boards/arm/nrf52840dk/osImpl/shellMgrImpl.o
LOAD /home/mocul/c_test/rtos_test/mocos/boards/arm/nrf52840dk/reset_handler/system_nrf52.o
LOAD /home/mocul/c_test/rtos_test/mocos/boards/arm/nrf52840dk/reset_handler/gcc_startup_nrf52840.o
START GROUP
LOAD /home/mocul/c_test/rtos_test/gcc-arm-none-eabi-10.3-2021.10/bin/../lib/gcc/arm-none-eabi/10.3.1/thumb/v7e-m+fp/hard/libgcc.a
LOAD /home/mocul/c_test/rtos_test/gcc-arm-none-eabi-10.3-2021.10/bin/../lib/gcc/arm-none-eabi/10.3.1/../../../../arm-none-eabi/lib/thumb/v7e-m+fp/hard/libc_nano.a
END GROUP
START GROUP
LOAD /home/mocul/c_test/rtos_test/gcc-arm-none-eabi-10.3-2021.10/bin/../lib/gcc/arm-none-eabi/10.3.1/thumb/v7e-m+fp/hard/libgcc.a
LOAD /home/mocul/c_test/rtos_test/gcc-arm-none-eabi-10.3-2021.10/bin/../lib/gcc/arm-none-eabi/10.3.1/../../../../arm-none-eabi/lib/thumb/v7e-m+fp/hard/libc_nano.a
END GROUP
LOAD /home/mocul/c_test/rtos_test/gcc-arm-none-eabi-10.3-2021.10/bin/../lib/gcc/arm-none-eabi/10.3.1/thumb/v7e-m+fp/hard/crtend.o
LOAD /home/mocul/c_test/rtos_test/gcc-arm-none-eabi-10.3-2021.10/bin/../lib/gcc/arm-none-eabi/10.3.1/thumb/v7e-m+fp/hard/crtn.o
START GROUP
LOAD /home/mocul/c_test/rtos_test/gcc-arm-none-eabi-10.3-2021.10/bin/../lib/gcc/arm-none-eabi/10.3.1/thumb/v7e-m+fp/hard/libgcc.a
LOAD /home/mocul/c_test/rtos_test/gcc-arm-none-eabi-10.3-2021.10/bin/../lib/gcc/arm-none-eabi/10.3.1/../../../../arm-none-eabi/lib/thumb/v7e-m+fp/hard/libc.a
LOAD /home/mocul/c_test/rtos_test/gcc-arm-none-eabi-10.3-2021.10/bin/../lib/gcc/arm-none-eabi/10.3.1/../../../../arm-none-eabi/lib/thumb/v7e-m+fp/hard/libnosys.a
END GROUP

.text           0x0000000000000000     0xf5d0
 *(.isr_vector)
 .isr_vector    0x0000000000000000      0x200 /home/mocul/c_test/rtos_test/mocos/boards/arm/nrf52840dk/reset_handler/gcc_startup_nrf52840.o
                0x0000000000000000                __isr_vector
 *(.text*)
 .text          0x0000000000000200       0x40 /home/mocul/c_test/rtos_test/gcc-arm-none-eabi-10.3-2021.10/bin/../lib/gcc/arm-none-eabi/10.3.1/thumb/v7e-m+fp/hard/crtbegin.o
 .text.memset   0x0000000000000240       0x10 /home/mocul/c_test/rtos_test/gcc-arm-none-eabi-10.3-2021.10/bin/../lib/gcc/arm-none-eabi/10.3.1/../../../../arm-none-eabi/lib/thumb/v7e-m+fp/hard/libc_nano.a(lib_a-memset.o)
                0x0000000000000240                memset
 .text          0x0000000000000250      0x54c /home/mocul/c_test/rtos_test/mocos/vendor/nordic/nrfx/drivers/src/nrfx_clock.o
                0x000000000000058e                nrfx_clock_init
                0x00000000000005d4                nrfx_clock_enable
                0x00000000000005f0                nrfx_clock_disable
                0x000000000000062c                nrfx_clock_uninit
                0x0000000000000648                nrfx_clock_lfclk_start
                0x0000000000000664                nrfx_clock_lfclk_stop
                0x000000000000068e                nrfx_clock_hfclk_start
                0x00000000000006aa                nrfx_clock_hfclk_stop
                0x00000000000006e0                nrfx_clock_calibration_start
                0x00000000000006fc                nrfx_clock_is_calibrating
                0x0000000000000710                nrfx_clock_calibration_timer_start
                0x0000000000000726                nrfx_clock_calibration_timer_stop
                0x0000000000000734                nrfx_clock_irq_handler
 .text          0x000000000000079c     0x15dc /home/mocul/c_test/rtos_test/mocos/vendor/nordic/nrfx/drivers/src/nrfx_gpiote.o
                0x0000000000001438                nrfx_gpiote_init
                0x00000000000014f4                nrfx_gpiote_is_init
                0x0000000000001518                nrfx_gpiote_uninit
                0x0000000000001578                nrfx_gpiote_out_init
                0x0000000000001618                nrfx_gpiote_out_uninit
                0x0000000000001670                nrfx_gpiote_out_set
                0x0000000000001686                nrfx_gpiote_out_clear
                0x000000000000169c                nrfx_gpiote_out_toggle
                0x00000000000016b2                nrfx_gpiote_out_task_enable
                0x00000000000016d8                nrfx_gpiote_out_task_disable
                0x0000000000001700                nrfx_gpiote_out_task_get
                0x000000000000171e                nrfx_gpiote_out_task_addr_get
                0x0000000000001742                nrfx_gpiote_set_task_get
                0x0000000000001764                nrfx_gpiote_set_task_addr_get
                0x0000000000001788                nrfx_gpiote_clr_task_get
                0x00000000000017aa                nrfx_gpiote_clr_task_addr_get
                0x00000000000017ce                nrfx_gpiote_out_task_force
                0x000000000000180c                nrfx_gpiote_out_task_trigger
                0x0000000000001832                nrfx_gpiote_set_task_trigger
                0x000000000000185c                nrfx_gpiote_clr_task_trigger
                0x0000000000001886                nrfx_gpiote_in_init
                0x0000000000001970                nrfx_gpiote_in_event_enable
                0x0000000000001a36                nrfx_gpiote_in_event_disable
                0x0000000000001a88                nrfx_gpiote_in_uninit
                0x0000000000001af2                nrfx_gpiote_in_is_set
                0x0000000000001b14                nrfx_gpiote_in_event_get
                0x0000000000001b48                nrfx_gpiote_in_event_addr_get
                0x0000000000001c7c                GPIOTE_IRQHandler
 .text          0x0000000000001d78      0xac8 /home/mocul/c_test/rtos_test/mocos/vendor/nordic/nrfx/drivers/src/nrfx_i2s.o
                0x00000000000022fc                nrfx_i2s_init
                0x000000000000239c                nrfx_i2s_uninit
                0x00000000000023e0                nrfx_i2s_start
                0x0000000000002538                nrfx_i2s_next_buffers_set
                0x000000000000260c                nrfx_i2s_stop
                0x000000000000264c                I2S_IRQHandler
 .text          0x0000000000002840      0xf44 /home/mocul/c_test/rtos_test/mocos/vendor/nordic/nrfx/drivers/src/nrfx_nfct.o
                0x00000000000030cc                nrfx_nfct_init
                0x0000000000003158                nrfx_nfct_uninit
                0x0000000000003184                nrfx_nfct_enable
                0x00000000000031a8                nrfx_nfct_disable
                0x00000000000031be                nrfx_nfct_field_check
                0x00000000000031ee                nrfx_nfct_rx
                0x000000000000321e                nrfx_nfct_tx
                0x00000000000032b8                nrfx_nfct_state_force
                0x00000000000032e8                nrfx_nfct_init_substate_force
                0x0000000000003330                nrfx_nfct_parameter_set
                0x00000000000033cc                nrfx_nfct_nfcid1_default_bytes_get
                0x00000000000034bc                nrfx_nfct_autocolres_enable
                0x00000000000034c8                nrfx_nfct_autocolres_disable
                0x00000000000034d4                NFCT_IRQHandler
 .text          0x0000000000003784      0x968 /home/mocul/c_test/rtos_test/mocos/vendor/nordic/nrfx/drivers/src/nrfx_pdm.o
                0x0000000000003c34                PDM_IRQHandler
                0x0000000000003e04                nrfx_pdm_init
                0x0000000000003f0c                nrfx_pdm_uninit
                0x0000000000003f64                nrfx_pdm_start
                0x0000000000003fb4                nrfx_pdm_buffer_set
                0x0000000000004080                nrfx_pdm_stop
 .text          0x00000000000040ec      0x714 /home/mocul/c_test/rtos_test/mocos/vendor/nordic/nrfx/drivers/src/nrfx_power.o
                0x00000000000044b8                nrfx_power_pof_handler_get
                0x00000000000044d0                nrfx_power_usb_handler_get
                0x00000000000044e8                nrfx_power_init
                0x000000000000453c                nrfx_power_uninit
                0x000000000000457c                nrfx_power_pof_init
                0x00000000000045a4                nrfx_power_pof_enable
                0x00000000000045dc                nrfx_power_pof_disable
                0x00000000000045f2                nrfx_power_pof_uninit
                0x000000000000460c                nrfx_power_sleepevt_init
                0x0000000000004634                nrfx_power_sleepevt_enable
                0x000000000000468a                nrfx_power_sleepevt_disable
                0x0000000000004698                nrfx_power_sleepevt_uninit
                0x00000000000046b0                nrfx_power_usbevt_init
                0x00000000000046d8                nrfx_power_usbevt_enable
                0x00000000000046e8                nrfx_power_usbevt_disable
                0x00000000000046f8                nrfx_power_usbevt_uninit
                0x0000000000004710                nrfx_power_irq_handler
                0x00000000000047f0                POWER_CLOCK_IRQHandler
 .text          0x0000000000004800      0xb74 /home/mocul/c_test/rtos_test/mocos/vendor/nordic/nrfx/drivers/src/nrfx_pwm.o
                0x0000000000004e2c                nrfx_pwm_init
                0x0000000000004f38                nrfx_pwm_uninit
                0x000000000000502e                nrfx_pwm_simple_playback
                0x00000000000050f0                nrfx_pwm_complex_playback
                0x0000000000005180                nrfx_pwm_stop
                0x00000000000051dc                nrfx_pwm_is_stopped
                0x0000000000005314                PWM0_IRQHandler
                0x000000000000532c                PWM1_IRQHandler
                0x0000000000005344                PWM2_IRQHandler
                0x000000000000535c                PWM3_IRQHandler
 .text          0x0000000000005374      0x6b4 /home/mocul/c_test/rtos_test/mocos/vendor/nordic/nrfx/drivers/src/nrfx_qdec.o
                0x00000000000057d8                QDEC_IRQHandler
                0x00000000000058a4                nrfx_qdec_init
                0x00000000000059a4                nrfx_qdec_uninit
                0x00000000000059c0                nrfx_qdec_enable
                0x00000000000059dc                nrfx_qdec_disable
                0x00000000000059f8                nrfx_qdec_accumulators_read
 .text          0x0000000000005a28      0xf6c /home/mocul/c_test/rtos_test/mocos/vendor/nordic/nrfx/drivers/src/nrfx_qspi.o
                0x00000000000064b8                nrfx_qspi_init
                0x000000000000657c                nrfx_qspi_cinstr_xfer
                0x0000000000006610                nrfx_qspi_cinstr_quick_send
                0x0000000000006650                nrfx_qspi_lfm_start
                0x00000000000066ac                nrfx_qspi_lfm_xfer
                0x0000000000006798                nrfx_qspi_mem_busy_check
                0x00000000000067f4                nrfx_qspi_uninit
                0x000000000000684c                nrfx_qspi_write
                0x00000000000068a4                nrfx_qspi_read
                0x00000000000068fc                nrfx_qspi_erase
                0x0000000000006944                nrfx_qspi_chip_erase
                0x0000000000006956                QSPI_IRQHandler
 .text          0x0000000000006994      0x344 /home/mocul/c_test/rtos_test/mocos/vendor/nordic/nrfx/drivers/src/nrfx_rng.o
                0x0000000000006bf0                nrfx_rng_init
                0x0000000000006c58                nrfx_rng_start
                0x0000000000006c74                nrfx_rng_stop
                0x0000000000006c88                nrfx_rng_uninit
                0x0000000000006cac                RNG_IRQHandler
 .text          0x0000000000006cd8      0x878 /home/mocul/c_test/rtos_test/mocos/vendor/nordic/nrfx/drivers/src/nrfx_rtc.o
                0x0000000000006f96                nrfx_rtc_init
                0x0000000000007064                nrfx_rtc_uninit
                0x00000000000070c4                nrfx_rtc_enable
                0x00000000000070f8                nrfx_rtc_disable
                0x000000000000712c                nrfx_rtc_cc_disable
                0x00000000000071b8                nrfx_rtc_cc_set
                0x00000000000072c4                nrfx_rtc_tick_enable
                0x000000000000730e                nrfx_rtc_tick_disable
                0x000000000000733a                nrfx_rtc_overflow_enable
                0x0000000000007384                nrfx_rtc_overflow_disable
                0x00000000000073b0                nrfx_rtc_max_ticks_get
                0x0000000000007508                RTC0_IRQHandler
                0x0000000000007520                RTC1_IRQHandler
                0x0000000000007538                RTC2_IRQHandler
 .text          0x0000000000007550      0xda0 /home/mocul/c_test/rtos_test/mocos/vendor/nordic/nrfx/drivers/src/nrfx_saadc.o
                0x00000000000079a4                SAADC_IRQHandler
                0x0000000000007bf4                nrfx_saadc_init
                0x0000000000007cc0                nrfx_saadc_uninit
                0x0000000000007d58                nrfx_saadc_channel_init
                0x0000000000007de0                nrfx_saadc_channel_uninit
                0x0000000000007e70                nrfx_saadc_sample_task_get
                0x0000000000007e94                nrfx_saadc_sample_convert
                0x0000000000007fd4                nrfx_saadc_buffer_convert
                0x00000000000080e0                nrfx_saadc_sample
                0x0000000000008128                nrfx_saadc_calibrate_offset
                0x0000000000008174                nrfx_saadc_is_busy
                0x0000000000008198                nrfx_saadc_abort
                0x0000000000008218                nrfx_saadc_limits_set
 .text          0x00000000000082f0      0xc2c /home/mocul/c_test/rtos_test/mocos/vendor/nordic/nrfx/drivers/src/nrfx_spim.o
                0x00000000000088d0                nrfx_spim_init
                0x0000000000008a9c                nrfx_spim_uninit
                0x0000000000008d48                nrfx_spim_xfer
                0x0000000000008df0                nrfx_spim_abort
                0x0000000000008e48                nrfx_spim_start_task_get
                0x0000000000008e68                nrfx_spim_end_event_get
                0x0000000000008ebc                nrfx_spim_0_irq_handler
                0x0000000000008ed4                nrfx_spim_1_irq_handler
                0x0000000000008eec                nrfx_spim_2_irq_handler
                0x0000000000008f04                SPIM3_IRQHandler
 .text          0x0000000000008f1c      0x6c8 /home/mocul/c_test/rtos_test/mocos/vendor/nordic/nrfx/drivers/src/nrfx_swi.o
                0x0000000000009394                nrfx_swi_alloc
                0x0000000000009418                nrfx_swi_is_allocated
                0x0000000000009434                nrfx_swi_int_disable
                0x000000000000944e                nrfx_swi_int_enable
                0x0000000000009468                nrfx_swi_free
                0x000000000000948c                nrfx_swi_all_free
                0x00000000000094c4                nrfx_swi_trigger
                0x0000000000009584                SWI0_EGU0_IRQHandler
                0x0000000000009594                SWI1_EGU1_IRQHandler
                0x00000000000095a4                SWI2_EGU2_IRQHandler
                0x00000000000095b4                SWI3_EGU3_IRQHandler
                0x00000000000095c4                SWI4_EGU4_IRQHandler
                0x00000000000095d4                SWI5_EGU5_IRQHandler
 .text          0x00000000000095e4      0x3fc /home/mocul/c_test/rtos_test/mocos/vendor/nordic/nrfx/drivers/src/nrfx_temp.o
                0x0000000000009854                nrfx_temp_init
                0x00000000000098b8                nrfx_temp_uninit
                0x00000000000098f0                nrfx_temp_calculate
                0x0000000000009910                nrfx_temp_measure
                0x00000000000099a4                TEMP_IRQHandler
 .text          0x00000000000099e0      0x888 /home/mocul/c_test/rtos_test/mocos/vendor/nordic/nrfx/drivers/src/nrfx_timer.o
                0x0000000000009db2                nrfx_timer_init
                0x0000000000009e98                nrfx_timer_uninit
                0x0000000000009ef8                nrfx_timer_enable
                0x0000000000009f30                nrfx_timer_disable
                0x0000000000009f68                nrfx_timer_is_enabled
                0x0000000000009fa0                nrfx_timer_resume
                0x0000000000009fbc                nrfx_timer_pause
                0x0000000000009fd8                nrfx_timer_clear
                0x0000000000009ff4                nrfx_timer_increment
                0x000000000000a010                nrfx_timer_capture
                0x000000000000a04a                nrfx_timer_compare
                0x000000000000a0b4                nrfx_timer_extended_compare
                0x000000000000a106                nrfx_timer_compare_int_enable
                0x000000000000a140                nrfx_timer_compare_int_disable
                0x000000000000a1de                TIMER0_IRQHandler
                0x000000000000a1f8                TIMER1_IRQHandler
                0x000000000000a214                TIMER2_IRQHandler
                0x000000000000a230                TIMER3_IRQHandler
                0x000000000000a24c                TIMER4_IRQHandler
 .text          0x000000000000a268     0x1010 /home/mocul/c_test/rtos_test/mocos/vendor/nordic/nrfx/drivers/src/nrfx_uarte.o
                0x000000000000aa80                nrfx_uarte_init
                0x000000000000ab4c                nrfx_uarte_uninit
                0x000000000000ac14                nrfx_uarte_tx
                0x000000000000ad48                nrfx_uarte_tx_in_progress
                0x000000000000ad80                nrfx_uarte_rx
                0x000000000000af58                nrfx_uarte_rx_ready
                0x000000000000af78                nrfx_uarte_errorsrc_get
                0x000000000000b008                nrfx_uarte_tx_abort
                0x000000000000b070                nrfx_uarte_rx_abort
                0x000000000000b246                nrfx_uarte_0_irq_handler
                0x000000000000b260                UARTE1_IRQHandler
 .text          0x000000000000b278      0x3b4 /home/mocul/c_test/rtos_test/mocos/vendor/nordic/nrfx/drivers/src/nrfx_wdt.o
                0x000000000000b4ac                WDT_IRQHandler
                0x000000000000b4d4                nrfx_wdt_init
                0x000000000000b56c                nrfx_wdt_enable
                0x000000000000b58c                nrfx_wdt_feed
                0x000000000000b5c0                nrfx_wdt_channel_alloc
                0x000000000000b610                nrfx_wdt_channel_feed
 .text          0x000000000000b62c      0x164 /home/mocul/c_test/rtos_test/mocos/vendor/nordic/nrfx/drivers/src/prs/nrfx_prs.o
                0x000000000000b62c                SPIM0_SPIS0_TWIM0_TWIS0_SPI0_TWI0_IRQHandler
                0x000000000000b640                SPIM1_SPIS1_TWIM1_TWIS1_SPI1_TWI1_IRQHandler
                0x000000000000b654                SPIM2_SPIS2_SPI2_IRQHandler
                0x000000000000b668                COMP_LPCOMP_IRQHandler
                0x000000000000b67c                UARTE0_UART0_IRQHandler
                0x000000000000b708                nrfx_prs_acquire
                0x000000000000b764                nrfx_prs_release
 .text          0x000000000000b790      0x1bc /home/mocul/c_test/rtos_test/mocos/examples/hello_world/src/main.o
                0x000000000000b83c                uart_init
                0x000000000000b8a4                simple_uart_put
                0x000000000000b8dc                simple_uart_putstring
                0x000000000000b91e                simple_uart_test
                0x000000000000b934                main
 .text          0x000000000000b94c        0xc /home/mocul/c_test/rtos_test/mocos/lib/shellMgr/shellMgr.o
 .text          0x000000000000b958      0x150 /home/mocul/c_test/rtos_test/mocos/boards/arm/nrf52840dk/osImpl/shellMgrImpl.o
                0x000000000000b958                event_handler
                0x000000000000ba40                shellMgrImplInit
 .text          0x000000000000baa8     0x36f0 /home/mocul/c_test/rtos_test/mocos/boards/arm/nrf52840dk/reset_handler/system_nrf52.o
                0x000000000000ee3a                nvmc_wait
                0x000000000000ee5c                nvmc_config
                0x000000000000ee7c                SystemCoreClockUpdate
                0x000000000000ef04                cortexm_init
                0x000000000000ef24                SystemInit
 .text          0x000000000000f198       0x50 /home/mocul/c_test/rtos_test/mocos/boards/arm/nrf52840dk/reset_handler/gcc_startup_nrf52840.o
                0x000000000000f198                Reset_Handler
                0x000000000000f1d4                NMI_Handler
                0x000000000000f1d6                HardFault_Handler
                0x000000000000f1d8                MemoryManagement_Handler
                0x000000000000f1da                BusFault_Handler
                0x000000000000f1dc                UsageFault_Handler
                0x000000000000f1de                SVC_Handler
                0x000000000000f1e0                DebugMon_Handler
                0x000000000000f1e2                PendSV_Handler
                0x000000000000f1e4                SysTick_Handler
                0x000000000000f1e6                RADIO_IRQHandler
                0x000000000000f1e6                FPU_IRQHandler
                0x000000000000f1e6                USBD_IRQHandler
                0x000000000000f1e6                CRYPTOCELL_IRQHandler
                0x000000000000f1e6                ECB_IRQHandler
                0x000000000000f1e6                Default_Handler
                0x000000000000f1e6                CCM_AAR_IRQHandler
                0x000000000000f1e6                MWU_IRQHandler
 .text          0x000000000000f1e8       0x30 /home/mocul/c_test/rtos_test/gcc-arm-none-eabi-10.3-2021.10/bin/../lib/gcc/arm-none-eabi/10.3.1/thumb/v7e-m+fp/hard/libgcc.a(_aeabi_uldivmod.o)
                0x000000000000f1e8                __aeabi_uldivmod
 .text          0x000000000000f218      0x2d0 /home/mocul/c_test/rtos_test/gcc-arm-none-eabi-10.3-2021.10/bin/../lib/gcc/arm-none-eabi/10.3.1/thumb/v7e-m+fp/hard/libgcc.a(_udivmoddi4.o)
                0x000000000000f218                __udivmoddi4
 .text          0x000000000000f4e8        0x4 /home/mocul/c_test/rtos_test/gcc-arm-none-eabi-10.3-2021.10/bin/../lib/gcc/arm-none-eabi/10.3.1/thumb/v7e-m+fp/hard/libgcc.a(_dvmd_tls.o)
                0x000000000000f4e8                __aeabi_ldiv0
                0x000000000000f4e8                __aeabi_idiv0
 .text.memcpy   0x000000000000f4ec       0x1c /home/mocul/c_test/rtos_test/gcc-arm-none-eabi-10.3-2021.10/bin/../lib/gcc/arm-none-eabi/10.3.1/../../../../arm-none-eabi/lib/thumb/v7e-m+fp/hard/libc_nano.a(lib_a-memcpy-stub.o)
                0x000000000000f4ec                memcpy
 .text          0x000000000000f508       0x10 /home/mocul/c_test/rtos_test/gcc-arm-none-eabi-10.3-2021.10/bin/../lib/gcc/arm-none-eabi/10.3.1/../../../../arm-none-eabi/lib/thumb/v7e-m+fp/hard/libc_nano.a(lib_a-strlen.o)
                0x000000000000f508                strlen
 *(.init)
 .init          0x000000000000f518        0x4 /home/mocul/c_test/rtos_test/gcc-arm-none-eabi-10.3-2021.10/bin/../lib/gcc/arm-none-eabi/10.3.1/thumb/v7e-m+fp/hard/crti.o
                0x000000000000f518                _init
 .init          0x000000000000f51c        0x8 /home/mocul/c_test/rtos_test/gcc-arm-none-eabi-10.3-2021.10/bin/../lib/gcc/arm-none-eabi/10.3.1/thumb/v7e-m+fp/hard/crtn.o
 *(.fini)
 .fini          0x000000000000f524        0x4 /home/mocul/c_test/rtos_test/gcc-arm-none-eabi-10.3-2021.10/bin/../lib/gcc/arm-none-eabi/10.3.1/thumb/v7e-m+fp/hard/crti.o
                0x000000000000f524                _fini
 .fini          0x000000000000f528        0x8 /home/mocul/c_test/rtos_test/gcc-arm-none-eabi-10.3-2021.10/bin/../lib/gcc/arm-none-eabi/10.3.1/thumb/v7e-m+fp/hard/crtn.o
 *crtbegin.o(.ctors)
 *crtbegin?.o(.ctors)
 *(EXCLUDE_FILE(*crtend.o *crtend?.o) .ctors)
 *(SORT_BY_NAME(.ctors.*))
 *(.ctors)
 *crtbegin.o(.dtors)
 *crtbegin?.o(.dtors)
 *(EXCLUDE_FILE(*crtend.o *crtend?.o) .dtors)
 *(SORT_BY_NAME(.dtors.*))
 *(.dtors)
 *(.rodata*)
 .rodata        0x000000000000f530        0x8 /home/mocul/c_test/rtos_test/mocos/vendor/nordic/nrfx/drivers/src/nrfx_gpiote.o
 *fill*         0x000000000000f538        0x8 
 .rodata        0x000000000000f540       0x16 /home/mocul/c_test/rtos_test/mocos/vendor/nordic/nrfx/drivers/src/nrfx_qspi.o
 *fill*         0x000000000000f556        0xa 
 .rodata        0x000000000000f560        0x6 /home/mocul/c_test/rtos_test/mocos/vendor/nordic/nrfx/drivers/src/nrfx_saadc.o
 *fill*         0x000000000000f566        0x2 
 .rodata        0x000000000000f568       0x10 /home/mocul/c_test/rtos_test/mocos/vendor/nordic/nrfx/drivers/src/nrfx_spim.o
 *fill*         0x000000000000f578        0x8 
 .rodata        0x000000000000f580        0x6 /home/mocul/c_test/rtos_test/mocos/vendor/nordic/nrfx/drivers/src/nrfx_temp.o
 *fill*         0x000000000000f586        0x2 
 .rodata        0x000000000000f588        0x8 /home/mocul/c_test/rtos_test/mocos/vendor/nordic/nrfx/drivers/src/nrfx_uarte.o
 .rodata        0x000000000000f590        0x4 /home/mocul/c_test/rtos_test/mocos/examples/hello_world/src/main.o
 .rodata        0x000000000000f594       0x38 /home/mocul/c_test/rtos_test/mocos/boards/arm/nrf52840dk/osImpl/shellMgrImpl.o
 *(.eh_frame*)
 .eh_frame      0x000000000000f5cc        0x0 /home/mocul/c_test/rtos_test/gcc-arm-none-eabi-10.3-2021.10/bin/../lib/gcc/arm-none-eabi/10.3.1/thumb/v7e-m+fp/hard/crtbegin.o
 .eh_frame      0x000000000000f5cc        0x4 /home/mocul/c_test/rtos_test/gcc-arm-none-eabi-10.3-2021.10/bin/../lib/gcc/arm-none-eabi/10.3.1/thumb/v7e-m+fp/hard/crtend.o

.glue_7         0x000000000000f5d0        0x0
 .glue_7        0x000000000000f5d0        0x0 linker stubs

.glue_7t        0x000000000000f5d0        0x0
 .glue_7t       0x000000000000f5d0        0x0 linker stubs

.vfp11_veneer   0x000000000000f5d0        0x0
 .vfp11_veneer  0x000000000000f5d0        0x0 linker stubs

.v4_bx          0x000000000000f5d0        0x0
 .v4_bx         0x000000000000f5d0        0x0 linker stubs

.iplt           0x000000000000f5d0        0x0
 .iplt          0x000000000000f5d0        0x0 /home/mocul/c_test/rtos_test/gcc-arm-none-eabi-10.3-2021.10/bin/../lib/gcc/arm-none-eabi/10.3.1/thumb/v7e-m+fp/hard/crtbegin.o

.ARM.extab
 *(.ARM.extab* .gnu.linkonce.armextab.*)
                0x000000000000f5d0                __exidx_start = .

.ARM.exidx      0x000000000000f5d0        0x8
 *(.ARM.exidx* .gnu.linkonce.armexidx.*)
 .ARM.exidx     0x000000000000f5d0        0x8 /home/mocul/c_test/rtos_test/gcc-arm-none-eabi-10.3-2021.10/bin/../lib/gcc/arm-none-eabi/10.3.1/thumb/v7e-m+fp/hard/libgcc.a(_udivmoddi4.o)
                0x000000000000f5d8                __exidx_end = .

.rel.dyn        0x000000000000f5d8        0x0
 .rel.iplt      0x000000000000f5d8        0x0 /home/mocul/c_test/rtos_test/gcc-arm-none-eabi-10.3-2021.10/bin/../lib/gcc/arm-none-eabi/10.3.1/thumb/v7e-m+fp/hard/crtbegin.o
                0x000000000000f5d8                . = ALIGN (0x4)
                0x000000000000f5d8                __etext = .

.data           0x0000000020000000       0x34 load address 0x000000000000f5d8
                0x0000000020000000                __data_start__ = .
 *(vtable)
 *(.data*)
 .data          0x0000000020000000        0xc /home/mocul/c_test/rtos_test/mocos/vendor/nordic/nrfx/drivers/src/nrfx_nfct.o
 .data          0x000000002000000c        0x8 /home/mocul/c_test/rtos_test/mocos/examples/hello_world/src/main.o
                0x000000002000000c                shitinstance
 .data          0x0000000020000014        0xc /home/mocul/c_test/rtos_test/mocos/lib/shellMgr/shellMgr.o
                0x000000002000001c                shellMgr
 .data          0x0000000020000020        0x8 /home/mocul/c_test/rtos_test/mocos/boards/arm/nrf52840dk/osImpl/shellMgrImpl.o
                0x0000000020000020                instance
 .data          0x0000000020000028        0x4 /home/mocul/c_test/rtos_test/mocos/boards/arm/nrf52840dk/reset_handler/system_nrf52.o
                0x0000000020000028                SystemCoreClock
                0x000000002000002c                . = ALIGN (0x4)
                0x000000002000002c                PROVIDE (__preinit_array_start = .)
 *(.preinit_array)
                0x000000002000002c                PROVIDE (__preinit_array_end = .)
                0x000000002000002c                . = ALIGN (0x4)
                0x000000002000002c                PROVIDE (__init_array_start = .)
 *(SORT_BY_NAME(.init_array.*))
 *(.init_array)
 .init_array    0x000000002000002c        0x4 /home/mocul/c_test/rtos_test/gcc-arm-none-eabi-10.3-2021.10/bin/../lib/gcc/arm-none-eabi/10.3.1/thumb/v7e-m+fp/hard/crtbegin.o
                0x0000000020000030                PROVIDE (__init_array_end = .)
                0x0000000020000030                . = ALIGN (0x4)
                [!provide]                        PROVIDE (__fini_array_start = .)
 *(SORT_BY_NAME(.fini_array.*))
 *(.fini_array)
 .fini_array    0x0000000020000030        0x4 /home/mocul/c_test/rtos_test/gcc-arm-none-eabi-10.3-2021.10/bin/../lib/gcc/arm-none-eabi/10.3.1/thumb/v7e-m+fp/hard/crtbegin.o
                [!provide]                        PROVIDE (__fini_array_end = .)
 *(.jcr*)
                0x0000000020000034                . = ALIGN (0x4)
                0x0000000020000034                __data_end__ = .

.igot.plt       0x0000000020000034        0x0 load address 0x000000000000f60c
 .igot.plt      0x0000000020000034        0x0 /home/mocul/c_test/rtos_test/gcc-arm-none-eabi-10.3-2021.10/bin/../lib/gcc/arm-none-eabi/10.3.1/thumb/v7e-m+fp/hard/crtbegin.o

.bss            0x0000000020000034      0x6c8 load address 0x000000000000f60c
                0x0000000020000034                . = ALIGN (0x4)
                0x0000000020000034                __bss_start__ = .
 *(.bss*)
 .bss           0x0000000020000034       0x1c /home/mocul/c_test/rtos_test/gcc-arm-none-eabi-10.3-2021.10/bin/../lib/gcc/arm-none-eabi/10.3.1/thumb/v7e-m+fp/hard/crtbegin.o
 .bss           0x0000000020000050        0x9 /home/mocul/c_test/rtos_test/mocos/vendor/nordic/nrfx/drivers/src/nrfx_clock.o
                0x0000000020000058                nrfx_clock_irq_enabled
 *fill*         0x0000000020000059        0x3 
 .bss           0x000000002000005c       0x5c /home/mocul/c_test/rtos_test/mocos/vendor/nordic/nrfx/drivers/src/nrfx_gpiote.o
 .bss           0x00000000200000b8       0x18 /home/mocul/c_test/rtos_test/mocos/vendor/nordic/nrfx/drivers/src/nrfx_i2s.o
 .bss           0x00000000200000d0       0x11 /home/mocul/c_test/rtos_test/mocos/vendor/nordic/nrfx/drivers/src/nrfx_nfct.o
 *fill*         0x00000000200000e1        0x3 
 .bss           0x00000000200000e4       0x18 /home/mocul/c_test/rtos_test/mocos/vendor/nordic/nrfx/drivers/src/nrfx_pdm.o
 .bss           0x00000000200000fc       0x10 /home/mocul/c_test/rtos_test/mocos/vendor/nordic/nrfx/drivers/src/nrfx_power.o
                0x00000000200000fc                nrfx_power_irq_enabled
 .bss           0x000000002000010c       0x20 /home/mocul/c_test/rtos_test/mocos/vendor/nordic/nrfx/drivers/src/nrfx_pwm.o
 .bss           0x000000002000012c        0x5 /home/mocul/c_test/rtos_test/mocos/vendor/nordic/nrfx/drivers/src/nrfx_qdec.o
 *fill*         0x0000000020000131        0x3 
 .bss           0x0000000020000134        0xc /home/mocul/c_test/rtos_test/mocos/vendor/nordic/nrfx/drivers/src/nrfx_qspi.o
 .bss           0x0000000020000140        0x8 /home/mocul/c_test/rtos_test/mocos/vendor/nordic/nrfx/drivers/src/nrfx_rng.o
 .bss           0x0000000020000148       0x15 /home/mocul/c_test/rtos_test/mocos/vendor/nordic/nrfx/drivers/src/nrfx_rtc.o
 *fill*         0x000000002000015d        0x3 
 .bss           0x0000000020000160       0x30 /home/mocul/c_test/rtos_test/mocos/vendor/nordic/nrfx/drivers/src/nrfx_saadc.o
 .bss           0x0000000020000190       0x90 /home/mocul/c_test/rtos_test/mocos/vendor/nordic/nrfx/drivers/src/nrfx_spim.o
 .bss           0x0000000020000220       0x19 /home/mocul/c_test/rtos_test/mocos/vendor/nordic/nrfx/drivers/src/nrfx_swi.o
 *fill*         0x0000000020000239        0x3 
 .bss           0x000000002000023c        0x8 /home/mocul/c_test/rtos_test/mocos/vendor/nordic/nrfx/drivers/src/nrfx_temp.o
 .bss           0x0000000020000244       0x3c /home/mocul/c_test/rtos_test/mocos/vendor/nordic/nrfx/drivers/src/nrfx_timer.o
 .bss           0x0000000020000280       0x48 /home/mocul/c_test/rtos_test/mocos/vendor/nordic/nrfx/drivers/src/nrfx_uarte.o
 .bss           0x00000000200002c8        0x8 /home/mocul/c_test/rtos_test/mocos/vendor/nordic/nrfx/drivers/src/nrfx_wdt.o
 .bss           0x00000000200002d0       0x28 /home/mocul/c_test/rtos_test/mocos/vendor/nordic/nrfx/drivers/src/prs/nrfx_prs.o
 .bss           0x00000000200002f8        0x1 /home/mocul/c_test/rtos_test/mocos/examples/hello_world/src/main.o
 *fill*         0x00000000200002f9        0x3 
 .bss           0x00000000200002fc      0x400 /home/mocul/c_test/rtos_test/mocos/boards/arm/nrf52840dk/osImpl/shellMgrImpl.o
 *(COMMON)
                0x00000000200006fc                . = ALIGN (0x4)
                0x00000000200006fc                __bss_end__ = .

.heap           0x0000000020000700     0x4000
                0x0000000020000700                __HeapBase = .
                0x0000000020000700                __end__ = .
                [!provide]                        PROVIDE (end = .)
 *(.heap*)
 .heap          0x0000000020000700     0x4000 /home/mocul/c_test/rtos_test/mocos/boards/arm/nrf52840dk/reset_handler/gcc_startup_nrf52840.o
                0x0000000020004700                __HeapLimit = .

.stack_dummy    0x0000000020000700     0x4000
 *(.stack*)
 .stack         0x0000000020000700     0x4000 /home/mocul/c_test/rtos_test/mocos/boards/arm/nrf52840dk/reset_handler/gcc_startup_nrf52840.o
                0x0000000020040000                __StackTop = (ORIGIN (RAM) + LENGTH (RAM))
                0x000000002003c000                __StackLimit = (__StackTop - SIZEOF (.stack_dummy))
                0x0000000020040000                PROVIDE (__stack = __StackTop)
                0x0000000000000001                ASSERT ((__StackLimit >= __HeapLimit), region RAM overflowed with stack)
                0x0000000000000034                DataInitFlashUsed = (__bss_start__ - __data_start__)
                0x000000000000f5d8                CodeFlashUsed = (__etext - ORIGIN (FLASH))
                0x000000000000f60c                TotalFlashUsed = (CodeFlashUsed + DataInitFlashUsed)
                0x0000000000000001                ASSERT ((TotalFlashUsed <= LENGTH (FLASH)), region FLASH overflowed with .data and user data)
OUTPUT(main.elf elf32-littlearm)
LOAD linker stubs

.ARM.attributes
                0x0000000000000000       0x30
 .ARM.attributes
                0x0000000000000000       0x1e /home/mocul/c_test/rtos_test/gcc-arm-none-eabi-10.3-2021.10/bin/../lib/gcc/arm-none-eabi/10.3.1/thumb/v7e-m+fp/hard/crti.o
 .ARM.attributes
                0x000000000000001e       0x34 /home/mocul/c_test/rtos_test/gcc-arm-none-eabi-10.3-2021.10/bin/../lib/gcc/arm-none-eabi/10.3.1/thumb/v7e-m+fp/hard/crtbegin.o
 .ARM.attributes
                0x0000000000000052       0x34 /home/mocul/c_test/rtos_test/gcc-arm-none-eabi-10.3-2021.10/bin/../lib/gcc/arm-none-eabi/10.3.1/../../../../arm-none-eabi/lib/thumb/v7e-m+fp/hard/libc_nano.a(lib_a-memset.o)
 .ARM.attributes
                0x0000000000000086       0x34 /home/mocul/c_test/rtos_test/mocos/vendor/nordic/nrfx/drivers/src/nrfx_clock.o
 .ARM.attributes
                0x00000000000000ba       0x34 /home/mocul/c_test/rtos_test/mocos/vendor/nordic/nrfx/drivers/src/nrfx_gpiote.o
 .ARM.attributes
                0x00000000000000ee       0x34 /home/mocul/c_test/rtos_test/mocos/vendor/nordic/nrfx/drivers/src/nrfx_i2s.o
 .ARM.attributes
                0x0000000000000122       0x34 /home/mocul/c_test/rtos_test/mocos/vendor/nordic/nrfx/drivers/src/nrfx_nfct.o
 .ARM.attributes
                0x0000000000000156       0x34 /home/mocul/c_test/rtos_test/mocos/vendor/nordic/nrfx/drivers/src/nrfx_pdm.o
 .ARM.attributes
                0x000000000000018a       0x34 /home/mocul/c_test/rtos_test/mocos/vendor/nordic/nrfx/drivers/src/nrfx_power.o
 .ARM.attributes
                0x00000000000001be       0x34 /home/mocul/c_test/rtos_test/mocos/vendor/nordic/nrfx/drivers/src/nrfx_pwm.o
 .ARM.attributes
                0x00000000000001f2       0x34 /home/mocul/c_test/rtos_test/mocos/vendor/nordic/nrfx/drivers/src/nrfx_qdec.o
 .ARM.attributes
                0x0000000000000226       0x34 /home/mocul/c_test/rtos_test/mocos/vendor/nordic/nrfx/drivers/src/nrfx_qspi.o
 .ARM.attributes
                0x000000000000025a       0x34 /home/mocul/c_test/rtos_test/mocos/vendor/nordic/nrfx/drivers/src/nrfx_rng.o
 .ARM.attributes
                0x000000000000028e       0x34 /home/mocul/c_test/rtos_test/mocos/vendor/nordic/nrfx/drivers/src/nrfx_rtc.o
 .ARM.attributes
                0x00000000000002c2       0x34 /home/mocul/c_test/rtos_test/mocos/vendor/nordic/nrfx/drivers/src/nrfx_saadc.o
 .ARM.attributes
                0x00000000000002f6       0x34 /home/mocul/c_test/rtos_test/mocos/vendor/nordic/nrfx/drivers/src/nrfx_spim.o
 .ARM.attributes
                0x000000000000032a       0x34 /home/mocul/c_test/rtos_test/mocos/vendor/nordic/nrfx/drivers/src/nrfx_swi.o
 .ARM.attributes
                0x000000000000035e       0x34 /home/mocul/c_test/rtos_test/mocos/vendor/nordic/nrfx/drivers/src/nrfx_temp.o
 .ARM.attributes
                0x0000000000000392       0x34 /home/mocul/c_test/rtos_test/mocos/vendor/nordic/nrfx/drivers/src/nrfx_timer.o
 .ARM.attributes
                0x00000000000003c6       0x34 /home/mocul/c_test/rtos_test/mocos/vendor/nordic/nrfx/drivers/src/nrfx_uarte.o
 .ARM.attributes
                0x00000000000003fa       0x34 /home/mocul/c_test/rtos_test/mocos/vendor/nordic/nrfx/drivers/src/nrfx_wdt.o
 .ARM.attributes
                0x000000000000042e       0x34 /home/mocul/c_test/rtos_test/mocos/vendor/nordic/nrfx/drivers/src/prs/nrfx_prs.o
 .ARM.attributes
                0x0000000000000462       0x34 /home/mocul/c_test/rtos_test/mocos/examples/hello_world/src/main.o
 .ARM.attributes
                0x0000000000000496       0x34 /home/mocul/c_test/rtos_test/mocos/lib/shellMgr/shellMgr.o
 .ARM.attributes
                0x00000000000004ca       0x34 /home/mocul/c_test/rtos_test/mocos/boards/arm/nrf52840dk/osImpl/shellMgrImpl.o
 .ARM.attributes
                0x00000000000004fe       0x34 /home/mocul/c_test/rtos_test/mocos/boards/arm/nrf52840dk/reset_handler/system_nrf52.o
 .ARM.attributes
                0x0000000000000532       0x20 /home/mocul/c_test/rtos_test/mocos/boards/arm/nrf52840dk/reset_handler/gcc_startup_nrf52840.o
 .ARM.attributes
                0x0000000000000552       0x1e /home/mocul/c_test/rtos_test/gcc-arm-none-eabi-10.3-2021.10/bin/../lib/gcc/arm-none-eabi/10.3.1/thumb/v7e-m+fp/hard/libgcc.a(_aeabi_uldivmod.o)
 .ARM.attributes
                0x0000000000000570       0x34 /home/mocul/c_test/rtos_test/gcc-arm-none-eabi-10.3-2021.10/bin/../lib/gcc/arm-none-eabi/10.3.1/thumb/v7e-m+fp/hard/libgcc.a(_udivmoddi4.o)
 .ARM.attributes
                0x00000000000005a4       0x1e /home/mocul/c_test/rtos_test/gcc-arm-none-eabi-10.3-2021.10/bin/../lib/gcc/arm-none-eabi/10.3.1/thumb/v7e-m+fp/hard/libgcc.a(_dvmd_tls.o)
 .ARM.attributes
                0x00000000000005c2       0x34 /home/mocul/c_test/rtos_test/gcc-arm-none-eabi-10.3-2021.10/bin/../lib/gcc/arm-none-eabi/10.3.1/../../../../arm-none-eabi/lib/thumb/v7e-m+fp/hard/libc_nano.a(lib_a-memcpy-stub.o)
 .ARM.attributes
                0x00000000000005f6       0x17 /home/mocul/c_test/rtos_test/gcc-arm-none-eabi-10.3-2021.10/bin/../lib/gcc/arm-none-eabi/10.3.1/../../../../arm-none-eabi/lib/thumb/v7e-m+fp/hard/libc_nano.a(lib_a-strlen.o)
 .ARM.attributes
                0x000000000000060d       0x34 /home/mocul/c_test/rtos_test/gcc-arm-none-eabi-10.3-2021.10/bin/../lib/gcc/arm-none-eabi/10.3.1/thumb/v7e-m+fp/hard/crtend.o
 .ARM.attributes
                0x0000000000000641       0x1e /home/mocul/c_test/rtos_test/gcc-arm-none-eabi-10.3-2021.10/bin/../lib/gcc/arm-none-eabi/10.3.1/thumb/v7e-m+fp/hard/crtn.o

.comment        0x0000000000000000       0x49
 .comment       0x0000000000000000       0x49 /home/mocul/c_test/rtos_test/mocos/vendor/nordic/nrfx/drivers/src/nrfx_clock.o
                                         0x4a (size before relaxing)
 .comment       0x0000000000000049       0x4a /home/mocul/c_test/rtos_test/mocos/vendor/nordic/nrfx/drivers/src/nrfx_gpiote.o
 .comment       0x0000000000000049       0x4a /home/mocul/c_test/rtos_test/mocos/vendor/nordic/nrfx/drivers/src/nrfx_i2s.o
 .comment       0x0000000000000049       0x4a /home/mocul/c_test/rtos_test/mocos/vendor/nordic/nrfx/drivers/src/nrfx_nfct.o
 .comment       0x0000000000000049       0x4a /home/mocul/c_test/rtos_test/mocos/vendor/nordic/nrfx/drivers/src/nrfx_pdm.o
 .comment       0x0000000000000049       0x4a /home/mocul/c_test/rtos_test/mocos/vendor/nordic/nrfx/drivers/src/nrfx_power.o
 .comment       0x0000000000000049       0x4a /home/mocul/c_test/rtos_test/mocos/vendor/nordic/nrfx/drivers/src/nrfx_pwm.o
 .comment       0x0000000000000049       0x4a /home/mocul/c_test/rtos_test/mocos/vendor/nordic/nrfx/drivers/src/nrfx_qdec.o
 .comment       0x0000000000000049       0x4a /home/mocul/c_test/rtos_test/mocos/vendor/nordic/nrfx/drivers/src/nrfx_qspi.o
 .comment       0x0000000000000049       0x4a /home/mocul/c_test/rtos_test/mocos/vendor/nordic/nrfx/drivers/src/nrfx_rng.o
 .comment       0x0000000000000049       0x4a /home/mocul/c_test/rtos_test/mocos/vendor/nordic/nrfx/drivers/src/nrfx_rtc.o
 .comment       0x0000000000000049       0x4a /home/mocul/c_test/rtos_test/mocos/vendor/nordic/nrfx/drivers/src/nrfx_saadc.o
 .comment       0x0000000000000049       0x4a /home/mocul/c_test/rtos_test/mocos/vendor/nordic/nrfx/drivers/src/nrfx_spim.o
 .comment       0x0000000000000049       0x4a /home/mocul/c_test/rtos_test/mocos/vendor/nordic/nrfx/drivers/src/nrfx_swi.o
 .comment       0x0000000000000049       0x4a /home/mocul/c_test/rtos_test/mocos/vendor/nordic/nrfx/drivers/src/nrfx_temp.o
 .comment       0x0000000000000049       0x4a /home/mocul/c_test/rtos_test/mocos/vendor/nordic/nrfx/drivers/src/nrfx_timer.o
 .comment       0x0000000000000049       0x4a /home/mocul/c_test/rtos_test/mocos/vendor/nordic/nrfx/drivers/src/nrfx_uarte.o
 .comment       0x0000000000000049       0x4a /home/mocul/c_test/rtos_test/mocos/vendor/nordic/nrfx/drivers/src/nrfx_wdt.o
 .comment       0x0000000000000049       0x4a /home/mocul/c_test/rtos_test/mocos/vendor/nordic/nrfx/drivers/src/prs/nrfx_prs.o
 .comment       0x0000000000000049       0x4a /home/mocul/c_test/rtos_test/mocos/examples/hello_world/src/main.o
 .comment       0x0000000000000049       0x4a /home/mocul/c_test/rtos_test/mocos/lib/shellMgr/shellMgr.o
 .comment       0x0000000000000049       0x4a /home/mocul/c_test/rtos_test/mocos/boards/arm/nrf52840dk/osImpl/shellMgrImpl.o
 .comment       0x0000000000000049       0x4a /home/mocul/c_test/rtos_test/mocos/boards/arm/nrf52840dk/reset_handler/system_nrf52.o

.debug_frame    0x0000000000000000       0xa8
 .debug_frame   0x0000000000000000       0x20 /home/mocul/c_test/rtos_test/gcc-arm-none-eabi-10.3-2021.10/bin/../lib/gcc/arm-none-eabi/10.3.1/../../../../arm-none-eabi/lib/thumb/v7e-m+fp/hard/libc_nano.a(lib_a-memset.o)
 .debug_frame   0x0000000000000020       0x2c /home/mocul/c_test/rtos_test/gcc-arm-none-eabi-10.3-2021.10/bin/../lib/gcc/arm-none-eabi/10.3.1/thumb/v7e-m+fp/hard/libgcc.a(_aeabi_uldivmod.o)
 .debug_frame   0x000000000000004c       0x34 /home/mocul/c_test/rtos_test/gcc-arm-none-eabi-10.3-2021.10/bin/../lib/gcc/arm-none-eabi/10.3.1/thumb/v7e-m+fp/hard/libgcc.a(_udivmoddi4.o)
 .debug_frame   0x0000000000000080       0x28 /home/mocul/c_test/rtos_test/gcc-arm-none-eabi-10.3-2021.10/bin/../lib/gcc/arm-none-eabi/10.3.1/../../../../arm-none-eabi/lib/thumb/v7e-m+fp/hard/libc_nano.a(lib_a-memcpy-stub.o)
