Archive member included to satisfy reference by file (symbol)

/home/mocul/c_test/rtos_test/gcc-arm-none-eabi-10.3-2021.10/bin/../lib/gcc/arm-none-eabi/10.3.1/libgcc.a(_aeabi_uldivmod.o)
                              /home/mocul/c_test/rtos_test/mocos/vendor/nordic/nrfx/drivers/src/nrfx_wdt.o (__aeabi_uldivmod)
/home/mocul/c_test/rtos_test/gcc-arm-none-eabi-10.3-2021.10/bin/../lib/gcc/arm-none-eabi/10.3.1/libgcc.a(_udivmoddi4.o)
                              /home/mocul/c_test/rtos_test/gcc-arm-none-eabi-10.3-2021.10/bin/../lib/gcc/arm-none-eabi/10.3.1/libgcc.a(_aeabi_uldivmod.o) (__udivmoddi4)
/home/mocul/c_test/rtos_test/gcc-arm-none-eabi-10.3-2021.10/bin/../lib/gcc/arm-none-eabi/10.3.1/libgcc.a(_dvmd_tls.o)
                              /home/mocul/c_test/rtos_test/gcc-arm-none-eabi-10.3-2021.10/bin/../lib/gcc/arm-none-eabi/10.3.1/libgcc.a(_aeabi_uldivmod.o) (__aeabi_ldiv0)
/home/mocul/c_test/rtos_test/gcc-arm-none-eabi-10.3-2021.10/bin/../lib/gcc/arm-none-eabi/10.3.1/libgcc.a(_clzdi2.o)
                              /home/mocul/c_test/rtos_test/gcc-arm-none-eabi-10.3-2021.10/bin/../lib/gcc/arm-none-eabi/10.3.1/libgcc.a(_udivmoddi4.o) (__clzdi2)
/home/mocul/c_test/rtos_test/gcc-arm-none-eabi-10.3-2021.10/bin/../lib/gcc/arm-none-eabi/10.3.1/libgcc.a(_clzsi2.o)
                              /home/mocul/c_test/rtos_test/gcc-arm-none-eabi-10.3-2021.10/bin/../lib/gcc/arm-none-eabi/10.3.1/libgcc.a(_clzdi2.o) (__clzsi2)
/home/mocul/c_test/rtos_test/gcc-arm-none-eabi-10.3-2021.10/bin/../lib/gcc/arm-none-eabi/10.3.1/../../../../arm-none-eabi/lib/libc.a(lib_a-memcpy-stub.o)
                              /home/mocul/c_test/rtos_test/mocos/vendor/nordic/nrfx/drivers/src/nrfx_usbd.o (memcpy)
/home/mocul/c_test/rtos_test/gcc-arm-none-eabi-10.3-2021.10/bin/../lib/gcc/arm-none-eabi/10.3.1/../../../../arm-none-eabi/lib/libc.a(lib_a-memset.o)
                              /home/mocul/c_test/rtos_test/mocos/vendor/nordic/nrfx/drivers/src/nrfx_gpiote.o (memset)

Memory Configuration

Name             Origin             Length             Attributes
FLASH            0x0000000000000000 0x0000000000100000 xr
EXTFLASH         0x0000000012000000 0x0000000008000000 xr
RAM              0x0000000020000000 0x0000000000040000 xrw
CODE_RAM         0x0000000000800000 0x0000000000040000 xrw
*default*        0x0000000000000000 0xffffffffffffffff

Linker script and memory map

LOAD /home/mocul/c_test/rtos_test/mocos/vendor/nordic/nrfx/drivers/src/nrfx_adc.o
LOAD /home/mocul/c_test/rtos_test/mocos/vendor/nordic/nrfx/drivers/src/nrfx_clock.o
LOAD /home/mocul/c_test/rtos_test/mocos/vendor/nordic/nrfx/drivers/src/nrfx_comp.o
LOAD /home/mocul/c_test/rtos_test/mocos/vendor/nordic/nrfx/drivers/src/nrfx_dppi.o
LOAD /home/mocul/c_test/rtos_test/mocos/vendor/nordic/nrfx/drivers/src/nrfx_gpiote.o
LOAD /home/mocul/c_test/rtos_test/mocos/vendor/nordic/nrfx/drivers/src/nrfx_i2s.o
LOAD /home/mocul/c_test/rtos_test/mocos/vendor/nordic/nrfx/drivers/src/nrfx_lpcomp.o
LOAD /home/mocul/c_test/rtos_test/mocos/vendor/nordic/nrfx/drivers/src/nrfx_nfct.o
LOAD /home/mocul/c_test/rtos_test/mocos/vendor/nordic/nrfx/drivers/src/nrfx_nvmc.o
LOAD /home/mocul/c_test/rtos_test/mocos/vendor/nordic/nrfx/drivers/src/nrfx_pdm.o
LOAD /home/mocul/c_test/rtos_test/mocos/vendor/nordic/nrfx/drivers/src/nrfx_power.o
LOAD /home/mocul/c_test/rtos_test/mocos/vendor/nordic/nrfx/drivers/src/nrfx_ppi.o
LOAD /home/mocul/c_test/rtos_test/mocos/vendor/nordic/nrfx/drivers/src/nrfx_pwm.o
LOAD /home/mocul/c_test/rtos_test/mocos/vendor/nordic/nrfx/drivers/src/nrfx_qdec.o
LOAD /home/mocul/c_test/rtos_test/mocos/vendor/nordic/nrfx/drivers/src/nrfx_qspi.o
LOAD /home/mocul/c_test/rtos_test/mocos/vendor/nordic/nrfx/drivers/src/nrfx_rng.o
LOAD /home/mocul/c_test/rtos_test/mocos/vendor/nordic/nrfx/drivers/src/nrfx_rtc.o
LOAD /home/mocul/c_test/rtos_test/mocos/vendor/nordic/nrfx/drivers/src/nrfx_saadc.o
LOAD /home/mocul/c_test/rtos_test/mocos/vendor/nordic/nrfx/drivers/src/nrfx_spi.o
LOAD /home/mocul/c_test/rtos_test/mocos/vendor/nordic/nrfx/drivers/src/nrfx_spim.o
LOAD /home/mocul/c_test/rtos_test/mocos/vendor/nordic/nrfx/drivers/src/nrfx_spis.o
LOAD /home/mocul/c_test/rtos_test/mocos/vendor/nordic/nrfx/drivers/src/nrfx_swi.o
LOAD /home/mocul/c_test/rtos_test/mocos/vendor/nordic/nrfx/drivers/src/nrfx_systick.o
LOAD /home/mocul/c_test/rtos_test/mocos/vendor/nordic/nrfx/drivers/src/nrfx_temp.o
LOAD /home/mocul/c_test/rtos_test/mocos/vendor/nordic/nrfx/drivers/src/nrfx_timer.o
LOAD /home/mocul/c_test/rtos_test/mocos/vendor/nordic/nrfx/drivers/src/nrfx_twi.o
LOAD /home/mocul/c_test/rtos_test/mocos/vendor/nordic/nrfx/drivers/src/nrfx_twim.o
LOAD /home/mocul/c_test/rtos_test/mocos/vendor/nordic/nrfx/drivers/src/nrfx_twis.o
LOAD /home/mocul/c_test/rtos_test/mocos/vendor/nordic/nrfx/drivers/src/nrfx_twi_twim.o
LOAD /home/mocul/c_test/rtos_test/mocos/vendor/nordic/nrfx/drivers/src/nrfx_uart.o
LOAD /home/mocul/c_test/rtos_test/mocos/vendor/nordic/nrfx/drivers/src/nrfx_uarte.o
LOAD /home/mocul/c_test/rtos_test/mocos/vendor/nordic/nrfx/drivers/src/nrfx_usbd.o
LOAD /home/mocul/c_test/rtos_test/mocos/vendor/nordic/nrfx/drivers/src/nrfx_wdt.o
LOAD /home/mocul/c_test/rtos_test/mocos/vendor/nordic/nrfx/drivers/src/prs/nrfx_prs.o
LOAD /home/mocul/c_test/rtos_test/mocos/examples/hello_world/src/main.o
START GROUP
LOAD /home/mocul/c_test/rtos_test/gcc-arm-none-eabi-10.3-2021.10/bin/../lib/gcc/arm-none-eabi/10.3.1/libgcc.a
LOAD /home/mocul/c_test/rtos_test/gcc-arm-none-eabi-10.3-2021.10/bin/../lib/gcc/arm-none-eabi/10.3.1/../../../../arm-none-eabi/lib/libc.a
END GROUP
START GROUP
LOAD /home/mocul/c_test/rtos_test/gcc-arm-none-eabi-10.3-2021.10/bin/../lib/gcc/arm-none-eabi/10.3.1/libgcc.a
LOAD /home/mocul/c_test/rtos_test/gcc-arm-none-eabi-10.3-2021.10/bin/../lib/gcc/arm-none-eabi/10.3.1/../../../../arm-none-eabi/lib/libc.a
LOAD /home/mocul/c_test/rtos_test/gcc-arm-none-eabi-10.3-2021.10/bin/../lib/gcc/arm-none-eabi/10.3.1/../../../../arm-none-eabi/lib/libnosys.a
END GROUP

.text           0x0000000000000000    0x17424
 *(.isr_vector)
 *(.text*)
 .text          0x0000000000000000        0x0 /home/mocul/c_test/rtos_test/mocos/vendor/nordic/nrfx/drivers/src/nrfx_adc.o
 .text          0x0000000000000000      0x474 /home/mocul/c_test/rtos_test/mocos/vendor/nordic/nrfx/drivers/src/nrfx_clock.o
                0x000000000000026c                nrfx_clock_init
                0x00000000000002b0                nrfx_clock_enable
                0x00000000000002cc                nrfx_clock_disable
                0x0000000000000308                nrfx_clock_uninit
                0x0000000000000324                nrfx_clock_lfclk_start
                0x0000000000000340                nrfx_clock_lfclk_stop
                0x000000000000036a                nrfx_clock_hfclk_start
                0x0000000000000386                nrfx_clock_hfclk_stop
                0x00000000000003bc                nrfx_clock_calibration_start
                0x00000000000003d8                nrfx_clock_is_calibrating
                0x00000000000003ec                nrfx_clock_calibration_timer_start
                0x0000000000000400                nrfx_clock_calibration_timer_stop
                0x000000000000040c                nrfx_clock_irq_handler
 .text          0x0000000000000474      0x614 /home/mocul/c_test/rtos_test/mocos/vendor/nordic/nrfx/drivers/src/nrfx_comp.o
                0x0000000000000850                nrfx_comp_irq_handler
                0x0000000000000880                nrfx_comp_init
                0x000000000000099c                nrfx_comp_uninit
                0x00000000000009d4                nrfx_comp_pin_select
                0x0000000000000a1c                nrfx_comp_start
                0x0000000000000a4c                nrfx_comp_stop
                0x0000000000000a74                nrfx_comp_sample
 .text          0x0000000000000a88        0x0 /home/mocul/c_test/rtos_test/mocos/vendor/nordic/nrfx/drivers/src/nrfx_dppi.o
 .text          0x0000000000000a88     0x1534 /home/mocul/c_test/rtos_test/mocos/vendor/nordic/nrfx/drivers/src/nrfx_gpiote.o
                0x0000000000001680                nrfx_gpiote_init
                0x000000000000173c                nrfx_gpiote_is_init
                0x000000000000175c                nrfx_gpiote_uninit
                0x00000000000017bc                nrfx_gpiote_out_init
                0x000000000000185c                nrfx_gpiote_out_uninit
                0x00000000000018b4                nrfx_gpiote_out_set
                0x00000000000018ca                nrfx_gpiote_out_clear
                0x00000000000018e0                nrfx_gpiote_out_toggle
                0x00000000000018f6                nrfx_gpiote_out_task_enable
                0x000000000000191c                nrfx_gpiote_out_task_disable
                0x0000000000001944                nrfx_gpiote_out_task_get
                0x0000000000001962                nrfx_gpiote_out_task_addr_get
                0x0000000000001986                nrfx_gpiote_set_task_get
                0x00000000000019a8                nrfx_gpiote_set_task_addr_get
                0x00000000000019cc                nrfx_gpiote_clr_task_get
                0x00000000000019ee                nrfx_gpiote_clr_task_addr_get
                0x0000000000001a12                nrfx_gpiote_out_task_force
                0x0000000000001a50                nrfx_gpiote_out_task_trigger
                0x0000000000001a76                nrfx_gpiote_set_task_trigger
                0x0000000000001aa0                nrfx_gpiote_clr_task_trigger
                0x0000000000001aca                nrfx_gpiote_in_init
                0x0000000000001bb4                nrfx_gpiote_in_event_enable
                0x0000000000001c7a                nrfx_gpiote_in_event_disable
                0x0000000000001ccc                nrfx_gpiote_in_uninit
                0x0000000000001d36                nrfx_gpiote_in_is_set
                0x0000000000001d58                nrfx_gpiote_in_event_get
                0x0000000000001d8c                nrfx_gpiote_in_event_addr_get
                0x0000000000001ec0                nrfx_gpiote_irq_handler
 .text          0x0000000000001fbc      0xa2c /home/mocul/c_test/rtos_test/mocos/vendor/nordic/nrfx/drivers/src/nrfx_i2s.o
                0x00000000000024a4                nrfx_i2s_init
                0x0000000000002544                nrfx_i2s_uninit
                0x0000000000002588                nrfx_i2s_start
                0x00000000000026e0                nrfx_i2s_next_buffers_set
                0x00000000000027b4                nrfx_i2s_stop
                0x00000000000027f4                nrfx_i2s_irq_handler
 .text          0x00000000000029e8      0x478 /home/mocul/c_test/rtos_test/mocos/vendor/nordic/nrfx/drivers/src/nrfx_lpcomp.o
                0x0000000000002d08                nrfx_lpcomp_irq_handler
                0x0000000000002d38                nrfx_lpcomp_init
                0x0000000000002df8                nrfx_lpcomp_uninit
                0x0000000000002e28                nrfx_lpcomp_enable
                0x0000000000002e44                nrfx_lpcomp_disable
 .text          0x0000000000002e60      0xeb4 /home/mocul/c_test/rtos_test/mocos/vendor/nordic/nrfx/drivers/src/nrfx_nfct.o
                0x0000000000003660                nrfx_nfct_init
                0x00000000000036ec                nrfx_nfct_uninit
                0x0000000000003718                nrfx_nfct_enable
                0x000000000000373c                nrfx_nfct_disable
                0x0000000000003752                nrfx_nfct_field_check
                0x0000000000003782                nrfx_nfct_rx
                0x00000000000037b2                nrfx_nfct_tx
                0x000000000000384c                nrfx_nfct_state_force
                0x000000000000387c                nrfx_nfct_init_substate_force
                0x00000000000038c4                nrfx_nfct_parameter_set
                0x0000000000003960                nrfx_nfct_nfcid1_default_bytes_get
                0x0000000000003a4c                nrfx_nfct_autocolres_enable
                0x0000000000003a58                nrfx_nfct_autocolres_disable
                0x0000000000003a64                nrfx_nfct_irq_handler
 .text          0x0000000000003d14      0x5d8 /home/mocul/c_test/rtos_test/mocos/vendor/nordic/nrfx/drivers/src/nrfx_nvmc.o
                0x0000000000003fae                nrfx_nvmc_page_erase
                0x0000000000004008                nrfx_nvmc_uicr_erase
                0x000000000000403c                nrfx_nvmc_all_erase
                0x000000000000406c                nrfx_nvmc_page_partial_erase_init
                0x00000000000040c0                nrfx_nvmc_page_partial_erase_continue
                0x0000000000004130                nrfx_nvmc_byte_writable_check
                0x0000000000004160                nrfx_nvmc_word_writable_check
                0x000000000000418c                nrfx_nvmc_byte_write
                0x00000000000041be                nrfx_nvmc_word_write
                0x00000000000041e0                nrfx_nvmc_bytes_write
                0x000000000000429a                nrfx_nvmc_words_write
                0x00000000000042c0                nrfx_nvmc_flash_size_get
                0x00000000000042ce                nrfx_nvmc_flash_page_size_get
                0x00000000000042dc                nrfx_nvmc_flash_page_count_get
 .text          0x00000000000042ec      0x8a4 /home/mocul/c_test/rtos_test/mocos/vendor/nordic/nrfx/drivers/src/nrfx_pdm.o
                0x00000000000046da                nrfx_pdm_irq_handler
                0x00000000000048a8                nrfx_pdm_init
                0x00000000000049b0                nrfx_pdm_uninit
                0x0000000000004a08                nrfx_pdm_start
                0x0000000000004a58                nrfx_pdm_buffer_set
                0x0000000000004b24                nrfx_pdm_stop
 .text          0x0000000000004b90      0x634 /home/mocul/c_test/rtos_test/mocos/vendor/nordic/nrfx/drivers/src/nrfx_power.o
                0x0000000000004e88                nrfx_power_pof_handler_get
                0x0000000000004e9c                nrfx_power_usb_handler_get
                0x0000000000004eb0                nrfx_power_init
                0x0000000000004f04                nrfx_power_uninit
                0x0000000000004f44                nrfx_power_pof_init
                0x0000000000004f6c                nrfx_power_pof_enable
                0x0000000000004fa4                nrfx_power_pof_disable
                0x0000000000004fba                nrfx_power_pof_uninit
                0x0000000000004fd0                nrfx_power_sleepevt_init
                0x0000000000004ff8                nrfx_power_sleepevt_enable
                0x000000000000504e                nrfx_power_sleepevt_disable
                0x000000000000505c                nrfx_power_sleepevt_uninit
                0x0000000000005074                nrfx_power_usbevt_init
                0x000000000000509c                nrfx_power_usbevt_enable
                0x00000000000050ac                nrfx_power_usbevt_disable
                0x00000000000050bc                nrfx_power_usbevt_uninit
                0x00000000000050d4                nrfx_power_irq_handler
                0x00000000000051b4                nrfx_power_clock_irq_handler
 .text          0x00000000000051c4      0x948 /home/mocul/c_test/rtos_test/mocos/vendor/nordic/nrfx/drivers/src/nrfx_ppi.o
                0x000000000000558c                nrfx_ppi_free_all
                0x00000000000055ec                nrfx_ppi_channel_alloc
                0x0000000000005684                nrfx_ppi_channel_free
                0x00000000000056d0                nrfx_ppi_channel_assign
                0x000000000000574c                nrfx_ppi_channel_fork_assign
                0x0000000000005794                nrfx_ppi_channel_enable
                0x0000000000005804                nrfx_ppi_channel_disable
                0x0000000000005878                nrfx_ppi_group_alloc
                0x0000000000005908                nrfx_ppi_group_free
                0x0000000000005970                nrfx_ppi_group_enable
                0x00000000000059d0                nrfx_ppi_group_disable
                0x0000000000005a14                nrfx_ppi_channels_remove_from_group
                0x0000000000005a90                nrfx_ppi_channels_include_in_group
 .text          0x0000000000005b0c      0xac8 /home/mocul/c_test/rtos_test/mocos/vendor/nordic/nrfx/drivers/src/nrfx_pwm.o
                0x000000000000608c                nrfx_pwm_init
                0x0000000000006198                nrfx_pwm_uninit
                0x000000000000628e                nrfx_pwm_simple_playback
                0x0000000000006350                nrfx_pwm_complex_playback
                0x00000000000063e0                nrfx_pwm_stop
                0x000000000000643c                nrfx_pwm_is_stopped
                0x0000000000006574                nrfx_pwm_0_irq_handler
                0x000000000000658c                nrfx_pwm_1_irq_handler
                0x00000000000065a4                nrfx_pwm_2_irq_handler
                0x00000000000065bc                nrfx_pwm_3_irq_handler
 .text          0x00000000000065d4      0x610 /home/mocul/c_test/rtos_test/mocos/vendor/nordic/nrfx/drivers/src/nrfx_qdec.o
                0x0000000000006994                nrfx_qdec_irq_handler
                0x0000000000006a60                nrfx_qdec_init
                0x0000000000006b60                nrfx_qdec_uninit
                0x0000000000006b7c                nrfx_qdec_enable
                0x0000000000006b98                nrfx_qdec_disable
                0x0000000000006bb4                nrfx_qdec_accumulators_read
 .text          0x0000000000006be4      0xe84 /home/mocul/c_test/rtos_test/mocos/vendor/nordic/nrfx/drivers/src/nrfx_qspi.o
                0x000000000000758c                nrfx_qspi_init
                0x0000000000007650                nrfx_qspi_cinstr_xfer
                0x00000000000076e4                nrfx_qspi_cinstr_quick_send
                0x0000000000007724                nrfx_qspi_lfm_start
                0x0000000000007780                nrfx_qspi_lfm_xfer
                0x000000000000786c                nrfx_qspi_mem_busy_check
                0x00000000000078c8                nrfx_qspi_uninit
                0x0000000000007920                nrfx_qspi_write
                0x0000000000007978                nrfx_qspi_read
                0x00000000000079d0                nrfx_qspi_erase
                0x0000000000007a18                nrfx_qspi_chip_erase
                0x0000000000007a2a                nrfx_qspi_irq_handler
 .text          0x0000000000007a68      0x2b0 /home/mocul/c_test/rtos_test/mocos/vendor/nordic/nrfx/drivers/src/nrfx_rng.o
                0x0000000000007c30                nrfx_rng_init
                0x0000000000007c98                nrfx_rng_start
                0x0000000000007cb4                nrfx_rng_stop
                0x0000000000007cc8                nrfx_rng_uninit
                0x0000000000007cec                nrfx_rng_irq_handler
 .text          0x0000000000007d18      0x7e0 /home/mocul/c_test/rtos_test/mocos/vendor/nordic/nrfx/drivers/src/nrfx_rtc.o
                0x0000000000007f3e                nrfx_rtc_init
                0x000000000000800c                nrfx_rtc_uninit
                0x000000000000806c                nrfx_rtc_enable
                0x00000000000080a0                nrfx_rtc_disable
                0x00000000000080d4                nrfx_rtc_cc_disable
                0x0000000000008160                nrfx_rtc_cc_set
                0x000000000000826c                nrfx_rtc_tick_enable
                0x00000000000082b6                nrfx_rtc_tick_disable
                0x00000000000082e2                nrfx_rtc_overflow_enable
                0x000000000000832c                nrfx_rtc_overflow_disable
                0x0000000000008358                nrfx_rtc_max_ticks_get
                0x00000000000084b0                nrfx_rtc_0_irq_handler
                0x00000000000084c8                nrfx_rtc_1_irq_handler
                0x00000000000084e0                nrfx_rtc_2_irq_handler
 .text          0x00000000000084f8      0xcb4 /home/mocul/c_test/rtos_test/mocos/vendor/nordic/nrfx/drivers/src/nrfx_saadc.o
                0x0000000000008878                nrfx_saadc_irq_handler
                0x0000000000008ac8                nrfx_saadc_init
                0x0000000000008b94                nrfx_saadc_uninit
                0x0000000000008c24                nrfx_saadc_channel_init
                0x0000000000008cac                nrfx_saadc_channel_uninit
                0x0000000000008d3c                nrfx_saadc_sample_task_get
                0x0000000000008d60                nrfx_saadc_sample_convert
                0x0000000000008e98                nrfx_saadc_buffer_convert
                0x0000000000008fa4                nrfx_saadc_sample
                0x0000000000008fec                nrfx_saadc_calibrate_offset
                0x0000000000009038                nrfx_saadc_is_busy
                0x0000000000009058                nrfx_saadc_abort
                0x00000000000090d4                nrfx_saadc_limits_set
 .text          0x00000000000091ac      0x9b0 /home/mocul/c_test/rtos_test/mocos/vendor/nordic/nrfx/drivers/src/nrfx_spi.o
                0x00000000000095c4                nrfx_spi_init
                0x00000000000097a4                nrfx_spi_uninit
                0x0000000000009a06                nrfx_spi_xfer
                0x0000000000009aac                nrfx_spi_abort
                0x0000000000009b12                nrfx_spi_0_irq_handler
                0x0000000000009b2c                nrfx_spi_1_irq_handler
                0x0000000000009b44                nrfx_spi_2_irq_handler
 .text          0x0000000000009b5c      0xb78 /home/mocul/c_test/rtos_test/mocos/vendor/nordic/nrfx/drivers/src/nrfx_spim.o
                0x000000000000a088                nrfx_spim_init
                0x000000000000a254                nrfx_spim_uninit
                0x000000000000a500                nrfx_spim_xfer
                0x000000000000a5a8                nrfx_spim_abort
                0x000000000000a600                nrfx_spim_start_task_get
                0x000000000000a620                nrfx_spim_end_event_get
                0x000000000000a674                nrfx_spim_0_irq_handler
                0x000000000000a68c                nrfx_spim_1_irq_handler
                0x000000000000a6a4                nrfx_spim_2_irq_handler
                0x000000000000a6bc                nrfx_spim_3_irq_handler
 .text          0x000000000000a6d4      0x8d0 /home/mocul/c_test/rtos_test/mocos/vendor/nordic/nrfx/drivers/src/nrfx_spis.o
                0x000000000000aac4                nrfx_spis_init
                0x000000000000ac9c                nrfx_spis_uninit
                0x000000000000ad9a                nrfx_spis_buffers_set
                0x000000000000af5a                nrfx_spis_0_irq_handler
                0x000000000000af74                nrfx_spis_1_irq_handler
                0x000000000000af8c                nrfx_spis_2_irq_handler
 .text          0x000000000000afa4      0x630 /home/mocul/c_test/rtos_test/mocos/vendor/nordic/nrfx/drivers/src/nrfx_swi.o
                0x000000000000b384                nrfx_swi_alloc
                0x000000000000b408                nrfx_swi_is_allocated
                0x000000000000b424                nrfx_swi_int_disable
                0x000000000000b43e                nrfx_swi_int_enable
                0x000000000000b458                nrfx_swi_free
                0x000000000000b47c                nrfx_swi_all_free
                0x000000000000b4b4                nrfx_swi_trigger
                0x000000000000b574                nrfx_swi_0_irq_handler
                0x000000000000b584                nrfx_swi_1_irq_handler
                0x000000000000b594                nrfx_swi_2_irq_handler
                0x000000000000b5a4                nrfx_swi_3_irq_handler
                0x000000000000b5b4                nrfx_swi_4_irq_handler
                0x000000000000b5c4                nrfx_swi_5_irq_handler
 .text          0x000000000000b5d4      0x1a0 /home/mocul/c_test/rtos_test/mocos/vendor/nordic/nrfx/drivers/src/nrfx_systick.o
                0x000000000000b678                nrfx_systick_init
                0x000000000000b68e                nrfx_systick_get
                0x000000000000b6a8                nrfx_systick_test
                0x000000000000b6e0                nrfx_systick_delay_ticks
                0x000000000000b70e                nrfx_systick_delay_us
                0x000000000000b72c                nrfx_systick_delay_ms
 .text          0x000000000000b774      0x334 /home/mocul/c_test/rtos_test/mocos/vendor/nordic/nrfx/drivers/src/nrfx_temp.o
                0x000000000000b924                nrfx_temp_init
                0x000000000000b988                nrfx_temp_uninit
                0x000000000000b9c0                nrfx_temp_calculate
                0x000000000000b9de                nrfx_temp_measure
                0x000000000000ba6c                nrfx_temp_irq_handler
 .text          0x000000000000baa8      0x7e4 /home/mocul/c_test/rtos_test/mocos/vendor/nordic/nrfx/drivers/src/nrfx_timer.o
                0x000000000000bdd6                nrfx_timer_init
                0x000000000000bebc                nrfx_timer_uninit
                0x000000000000bf1c                nrfx_timer_enable
                0x000000000000bf54                nrfx_timer_disable
                0x000000000000bf8c                nrfx_timer_is_enabled
                0x000000000000bfc4                nrfx_timer_resume
                0x000000000000bfe0                nrfx_timer_pause
                0x000000000000bffc                nrfx_timer_clear
                0x000000000000c018                nrfx_timer_increment
                0x000000000000c034                nrfx_timer_capture
                0x000000000000c06e                nrfx_timer_compare
                0x000000000000c0d8                nrfx_timer_extended_compare
                0x000000000000c12a                nrfx_timer_compare_int_enable
                0x000000000000c164                nrfx_timer_compare_int_disable
                0x000000000000c202                nrfx_timer_0_irq_handler
                0x000000000000c21c                nrfx_timer_1_irq_handler
                0x000000000000c238                nrfx_timer_2_irq_handler
                0x000000000000c254                nrfx_timer_3_irq_handler
                0x000000000000c270                nrfx_timer_4_irq_handler
 .text          0x000000000000c28c      0xf2c /home/mocul/c_test/rtos_test/mocos/vendor/nordic/nrfx/drivers/src/nrfx_twi.o
                0x000000000000c6d0                nrfx_twi_init
                0x000000000000c80c                nrfx_twi_uninit
                0x000000000000c89c                nrfx_twi_enable
                0x000000000000c8d8                nrfx_twi_disable
                0x000000000000cf0c                nrfx_twi_is_busy
                0x000000000000cf40                nrfx_twi_xfer
                0x000000000000cf88                nrfx_twi_tx
                0x000000000000cfd4                nrfx_twi_rx
                0x000000000000d014                nrfx_twi_data_count_get
                0x000000000000d040                nrfx_twi_stopped_event_get
                0x000000000000d188                nrfx_twi_0_irq_handler
                0x000000000000d1a0                nrfx_twi_1_irq_handler
 .text          0x000000000000d1b8     0x10a4 /home/mocul/c_test/rtos_test/mocos/vendor/nordic/nrfx/drivers/src/nrfx_twim.o
                0x000000000000d7cc                nrfx_twim_init
                0x000000000000d900                nrfx_twim_uninit
                0x000000000000d984                nrfx_twim_enable
                0x000000000000d9bc                nrfx_twim_disable
                0x000000000000da14                nrfx_twim_is_busy
                0x000000000000de80                nrfx_twim_xfer
                0x000000000000dec4                nrfx_twim_tx
                0x000000000000df10                nrfx_twim_rx
                0x000000000000df50                nrfx_twim_start_task_get
                0x000000000000df7e                nrfx_twim_stopped_event_get
                0x000000000000e22c                nrfx_twim_0_irq_handler
                0x000000000000e244                nrfx_twim_1_irq_handler
 .text          0x000000000000e25c      0xf84 /home/mocul/c_test/rtos_test/mocos/vendor/nordic/nrfx/drivers/src/nrfx_twis.o
                0x000000000000ec84                nrfx_twis_init
                0x000000000000edd4                nrfx_twis_uninit
                0x000000000000ee48                nrfx_twis_enable
                0x000000000000eeac                nrfx_twis_disable
                0x000000000000ef1c                nrfx_twis_error_get_and_clear
                0x000000000000ef58                nrfx_twis_tx_prepare
                0x000000000000efe4                nrfx_twis_rx_prepare
                0x000000000000f070                nrfx_twis_is_busy
                0x000000000000f0b0                nrfx_twis_is_waiting_tx_buff
                0x000000000000f0f0                nrfx_twis_is_waiting_rx_buff
                0x000000000000f130                nrfx_twis_is_pending_tx
                0x000000000000f170                nrfx_twis_is_pending_rx
                0x000000000000f1b0                nrfx_twis_0_irq_handler
                0x000000000000f1c8                nrfx_twis_1_irq_handler
 .text          0x000000000000f1e0      0x1f4 /home/mocul/c_test/rtos_test/mocos/vendor/nordic/nrfx/drivers/src/nrfx_twi_twim.o
                0x000000000000f338                nrfx_twi_twim_bus_recover
 .text          0x000000000000f3d4      0xf84 /home/mocul/c_test/rtos_test/mocos/vendor/nordic/nrfx/drivers/src/nrfx_uart.o
                0x000000000000fa80                nrfx_uart_init
                0x000000000000fb50                nrfx_uart_uninit
                0x000000000000fc3e                nrfx_uart_tx
                0x000000000000fd24                nrfx_uart_tx_in_progress
                0x000000000000fde2                nrfx_uart_rx
                0x000000000000ffac                nrfx_uart_rx_ready
                0x000000000000ffcc                nrfx_uart_rx_enable
                0x000000000001001c                nrfx_uart_rx_disable
                0x0000000000010054                nrfx_uart_errorsrc_get
                0x00000000000100e4                nrfx_uart_tx_abort
                0x0000000000010134                nrfx_uart_rx_abort
                0x000000000001033e                nrfx_uart_0_irq_handler
 .text          0x0000000000010358      0xf5c /home/mocul/c_test/rtos_test/mocos/vendor/nordic/nrfx/drivers/src/nrfx_uarte.o
                0x0000000000010abc                nrfx_uarte_init
                0x0000000000010b88                nrfx_uarte_uninit
                0x0000000000010c50                nrfx_uarte_tx
                0x0000000000010d84                nrfx_uarte_tx_in_progress
                0x0000000000010dbc                nrfx_uarte_rx
                0x0000000000010f94                nrfx_uarte_rx_ready
                0x0000000000010fb4                nrfx_uarte_errorsrc_get
                0x0000000000011044                nrfx_uarte_tx_abort
                0x00000000000110ac                nrfx_uarte_rx_abort
                0x0000000000011282                nrfx_uarte_0_irq_handler
                0x000000000001129c                nrfx_uarte_1_irq_handler
 .text          0x00000000000112b4     0x5700 /home/mocul/c_test/rtos_test/mocos/vendor/nordic/nrfx/drivers/src/nrfx_usbd.o
                0x0000000000014e0c                nrfx_usbd_consumer
                0x0000000000014e88                nrfx_usbd_feeder_ram
                0x0000000000014ee8                nrfx_usbd_feeder_ram_zlp
                0x0000000000014f50                nrfx_usbd_feeder_flash
                0x0000000000014fc0                nrfx_usbd_feeder_flash_zlp
                0x0000000000015182                nrfx_usbd_isoinconfig_set
                0x000000000001519c                nrfx_usbd_isoinconfig_get
                0x0000000000015334                nrfx_usbd_ep_abort
                0x0000000000015f40                nrfx_usbd_irq_handler
                0x0000000000016034                nrfx_usbd_init
                0x0000000000016110                nrfx_usbd_uninit
                0x0000000000016130                nrfx_usbd_enable
                0x00000000000161ec                nrfx_usbd_disable
                0x0000000000016218                nrfx_usbd_start
                0x0000000000016264                nrfx_usbd_stop
                0x0000000000016298                nrfx_usbd_is_initialized
                0x00000000000162b8                nrfx_usbd_is_enabled
                0x00000000000162d8                nrfx_usbd_is_started
                0x0000000000016308                nrfx_usbd_suspend
                0x0000000000016358                nrfx_usbd_wakeup_req
                0x00000000000163c4                nrfx_usbd_suspend_check
                0x00000000000163d2                nrfx_usbd_suspend_irq_config
                0x00000000000163e8                nrfx_usbd_active_irq_config
                0x00000000000163fc                nrfx_usbd_bus_suspend_check
                0x0000000000016414                nrfx_usbd_force_bus_wakeup
                0x000000000001642c                nrfx_usbd_ep_max_packet_size_set
                0x0000000000016454                nrfx_usbd_ep_max_packet_size_get
                0x0000000000016474                nrfx_usbd_ep_enable_check
                0x0000000000016498                nrfx_usbd_ep_enable
                0x0000000000016520                nrfx_usbd_ep_disable
                0x000000000001655a                nrfx_usbd_ep_default_config
                0x0000000000016578                nrfx_usbd_ep_transfer
                0x00000000000166cc                nrfx_usbd_ep_handled_transfer
                0x0000000000016780                nrfx_usbd_feeder_buffer_get
                0x0000000000016794                nrfx_usbd_ep_status_get
                0x00000000000167ce                nrfx_usbd_epout_size_get
                0x00000000000167f2                nrfx_usbd_ep_is_busy
                0x0000000000016838                nrfx_usbd_ep_stall
                0x000000000001685a                nrfx_usbd_ep_stall_clear
                0x000000000001689a                nrfx_usbd_ep_stall_check
                0x00000000000168be                nrfx_usbd_ep_dtoggle_clear
                0x00000000000168da                nrfx_usbd_setup_get
                0x0000000000016930                nrfx_usbd_setup_data_clear
                0x000000000001693e                nrfx_usbd_setup_clear
                0x000000000001694c                nrfx_usbd_setup_stall
                0x000000000001695a                nrfx_usbd_last_setup_dir_get
                0x0000000000016970                nrfx_usbd_transfer_out_drop
 .text          0x00000000000169b4      0x344 /home/mocul/c_test/rtos_test/mocos/vendor/nordic/nrfx/drivers/src/nrfx_wdt.o
                0x0000000000016b78                nrfx_wdt_irq_handler
                0x0000000000016ba0                nrfx_wdt_init
                0x0000000000016c38                nrfx_wdt_enable
                0x0000000000016c58                nrfx_wdt_feed
                0x0000000000016c8c                nrfx_wdt_channel_alloc
                0x0000000000016cdc                nrfx_wdt_channel_feed
 .text          0x0000000000016cf8      0x160 /home/mocul/c_test/rtos_test/mocos/vendor/nordic/nrfx/drivers/src/prs/nrfx_prs.o
                0x0000000000016cf8                nrfx_prs_box_0_irq_handler
                0x0000000000016d0c                nrfx_prs_box_1_irq_handler
                0x0000000000016d20                nrfx_prs_box_2_irq_handler
                0x0000000000016d34                nrfx_prs_box_3_irq_handler
                0x0000000000016d48                nrfx_prs_box_4_irq_handler
                0x0000000000016dd0                nrfx_prs_acquire
                0x0000000000016e2c                nrfx_prs_release
 .text          0x0000000000016e58       0x78 /home/mocul/c_test/rtos_test/mocos/examples/hello_world/src/main.o
                0x0000000000016e58                main
 .text          0x0000000000016ed0       0x3c /home/mocul/c_test/rtos_test/gcc-arm-none-eabi-10.3-2021.10/bin/../lib/gcc/arm-none-eabi/10.3.1/libgcc.a(_aeabi_uldivmod.o)
                0x0000000000016ed0                __aeabi_uldivmod
 .text          0x0000000000016f0c      0x128 /home/mocul/c_test/rtos_test/gcc-arm-none-eabi-10.3-2021.10/bin/../lib/gcc/arm-none-eabi/10.3.1/libgcc.a(_udivmoddi4.o)
                0x0000000000016f0c                __udivmoddi4
 .text          0x0000000000017034        0x4 /home/mocul/c_test/rtos_test/gcc-arm-none-eabi-10.3-2021.10/bin/../lib/gcc/arm-none-eabi/10.3.1/libgcc.a(_dvmd_tls.o)
                0x0000000000017034                __aeabi_ldiv0
                0x0000000000017034                __aeabi_idiv0
 .text          0x0000000000017038       0x28 /home/mocul/c_test/rtos_test/gcc-arm-none-eabi-10.3-2021.10/bin/../lib/gcc/arm-none-eabi/10.3.1/libgcc.a(_clzdi2.o)
                0x0000000000017038                __clzdi2
 .text          0x0000000000017060       0x48 /home/mocul/c_test/rtos_test/gcc-arm-none-eabi-10.3-2021.10/bin/../lib/gcc/arm-none-eabi/10.3.1/libgcc.a(_clzsi2.o)
                0x0000000000017060                __clzsi2
 .text          0x00000000000170a8        0x0 /home/mocul/c_test/rtos_test/gcc-arm-none-eabi-10.3-2021.10/bin/../lib/gcc/arm-none-eabi/10.3.1/../../../../arm-none-eabi/lib/libc.a(lib_a-memcpy-stub.o)
 .text.memcpy   0x00000000000170a8      0x120 /home/mocul/c_test/rtos_test/gcc-arm-none-eabi-10.3-2021.10/bin/../lib/gcc/arm-none-eabi/10.3.1/../../../../arm-none-eabi/lib/libc.a(lib_a-memcpy-stub.o)
                0x00000000000170a8                memcpy
 .text          0x00000000000171c8        0x0 /home/mocul/c_test/rtos_test/gcc-arm-none-eabi-10.3-2021.10/bin/../lib/gcc/arm-none-eabi/10.3.1/../../../../arm-none-eabi/lib/libc.a(lib_a-memset.o)
 .text.memset   0x00000000000171c8      0x11c /home/mocul/c_test/rtos_test/gcc-arm-none-eabi-10.3-2021.10/bin/../lib/gcc/arm-none-eabi/10.3.1/../../../../arm-none-eabi/lib/libc.a(lib_a-memset.o)
                0x00000000000171c8                memset
 *(.init)
 *(.fini)
 *crtbegin.o(.ctors)
 *crtbegin?.o(.ctors)
 *(EXCLUDE_FILE(*crtend.o *crtend?.o) .ctors)
 *(SORT_BY_NAME(.ctors.*))
 *(.ctors)
 *crtbegin.o(.dtors)
 *crtbegin?.o(.dtors)
 *(EXCLUDE_FILE(*crtend.o *crtend?.o) .dtors)
 *(SORT_BY_NAME(.dtors.*))
 *(.dtors)
 *(.rodata*)
 .rodata        0x00000000000172e4        0x8 /home/mocul/c_test/rtos_test/mocos/vendor/nordic/nrfx/drivers/src/nrfx_gpiote.o
 .rodata        0x00000000000172ec        0x6 /home/mocul/c_test/rtos_test/mocos/vendor/nordic/nrfx/drivers/src/nrfx_qspi.o
 *fill*         0x00000000000172f2        0x2 
 .rodata        0x00000000000172f4        0xc /home/mocul/c_test/rtos_test/mocos/vendor/nordic/nrfx/drivers/src/nrfx_spi.o
 .rodata        0x0000000000017300       0x10 /home/mocul/c_test/rtos_test/mocos/vendor/nordic/nrfx/drivers/src/nrfx_spim.o
 .rodata        0x0000000000017310        0xc /home/mocul/c_test/rtos_test/mocos/vendor/nordic/nrfx/drivers/src/nrfx_spis.o
 .rodata        0x000000000001731c        0x8 /home/mocul/c_test/rtos_test/mocos/vendor/nordic/nrfx/drivers/src/nrfx_twi.o
 .rodata        0x0000000000017324        0x8 /home/mocul/c_test/rtos_test/mocos/vendor/nordic/nrfx/drivers/src/nrfx_twim.o
 .rodata        0x000000000001732c       0x10 /home/mocul/c_test/rtos_test/mocos/vendor/nordic/nrfx/drivers/src/nrfx_twis.o
 .rodata        0x000000000001733c        0x4 /home/mocul/c_test/rtos_test/mocos/vendor/nordic/nrfx/drivers/src/nrfx_uart.o
 .rodata        0x0000000000017340        0x8 /home/mocul/c_test/rtos_test/mocos/vendor/nordic/nrfx/drivers/src/nrfx_uarte.o
 .rodata        0x0000000000017348       0xa9 /home/mocul/c_test/rtos_test/mocos/vendor/nordic/nrfx/drivers/src/nrfx_usbd.o
 *fill*         0x00000000000173f1        0x3 
 .rodata        0x00000000000173f4       0x30 /home/mocul/c_test/rtos_test/mocos/examples/hello_world/src/main.o
 *(.eh_frame*)

.glue_7         0x0000000000017424        0x0
 .glue_7        0x0000000000017424        0x0 linker stubs

.glue_7t        0x0000000000017424        0x0
 .glue_7t       0x0000000000017424        0x0 linker stubs

.vfp11_veneer   0x0000000000017424        0x0
 .vfp11_veneer  0x0000000000017424        0x0 linker stubs

.v4_bx          0x0000000000017424        0x0
 .v4_bx         0x0000000000017424        0x0 linker stubs

.iplt           0x0000000000017424        0x0
 .iplt          0x0000000000017424        0x0 /home/mocul/c_test/rtos_test/mocos/vendor/nordic/nrfx/drivers/src/nrfx_clock.o

.ARM.extab      0x0000000000017424        0x0
 *(.ARM.extab* .gnu.linkonce.armextab.*)
 .ARM.extab     0x0000000000017424        0x0 /home/mocul/c_test/rtos_test/gcc-arm-none-eabi-10.3-2021.10/bin/../lib/gcc/arm-none-eabi/10.3.1/libgcc.a(_udivmoddi4.o)
                0x0000000000017424                __exidx_start = .

.ARM.exidx      0x0000000000017424        0x8
 *(.ARM.exidx* .gnu.linkonce.armexidx.*)
 .ARM.exidx     0x0000000000017424        0x8 /home/mocul/c_test/rtos_test/gcc-arm-none-eabi-10.3-2021.10/bin/../lib/gcc/arm-none-eabi/10.3.1/libgcc.a(_udivmoddi4.o)
                0x000000000001742c                __exidx_end = .

.rel.dyn        0x000000000001742c        0x0
 .rel.iplt      0x000000000001742c        0x0 /home/mocul/c_test/rtos_test/mocos/vendor/nordic/nrfx/drivers/src/nrfx_clock.o
                0x000000000001742c                . = ALIGN (0x4)
                0x000000000001742c                __etext = .

.data           0x0000000020000000       0x14 load address 0x000000000001742c
                0x0000000020000000                __data_start__ = .
 *(vtable)
 *(.data*)
 .data          0x0000000020000000        0x0 /home/mocul/c_test/rtos_test/mocos/vendor/nordic/nrfx/drivers/src/nrfx_adc.o
 .data          0x0000000020000000        0x0 /home/mocul/c_test/rtos_test/mocos/vendor/nordic/nrfx/drivers/src/nrfx_clock.o
 .data          0x0000000020000000        0x0 /home/mocul/c_test/rtos_test/mocos/vendor/nordic/nrfx/drivers/src/nrfx_comp.o
 .data          0x0000000020000000        0x0 /home/mocul/c_test/rtos_test/mocos/vendor/nordic/nrfx/drivers/src/nrfx_dppi.o
 .data          0x0000000020000000        0x0 /home/mocul/c_test/rtos_test/mocos/vendor/nordic/nrfx/drivers/src/nrfx_gpiote.o
 .data          0x0000000020000000        0x0 /home/mocul/c_test/rtos_test/mocos/vendor/nordic/nrfx/drivers/src/nrfx_i2s.o
 .data          0x0000000020000000        0x0 /home/mocul/c_test/rtos_test/mocos/vendor/nordic/nrfx/drivers/src/nrfx_lpcomp.o
 .data          0x0000000020000000        0xc /home/mocul/c_test/rtos_test/mocos/vendor/nordic/nrfx/drivers/src/nrfx_nfct.o
 .data          0x000000002000000c        0x4 /home/mocul/c_test/rtos_test/mocos/vendor/nordic/nrfx/drivers/src/nrfx_nvmc.o
 .data          0x0000000020000010        0x0 /home/mocul/c_test/rtos_test/mocos/vendor/nordic/nrfx/drivers/src/nrfx_pdm.o
 .data          0x0000000020000010        0x0 /home/mocul/c_test/rtos_test/mocos/vendor/nordic/nrfx/drivers/src/nrfx_power.o
 .data          0x0000000020000010        0x0 /home/mocul/c_test/rtos_test/mocos/vendor/nordic/nrfx/drivers/src/nrfx_ppi.o
 .data          0x0000000020000010        0x0 /home/mocul/c_test/rtos_test/mocos/vendor/nordic/nrfx/drivers/src/nrfx_pwm.o
 .data          0x0000000020000010        0x0 /home/mocul/c_test/rtos_test/mocos/vendor/nordic/nrfx/drivers/src/nrfx_qdec.o
 .data          0x0000000020000010        0x0 /home/mocul/c_test/rtos_test/mocos/vendor/nordic/nrfx/drivers/src/nrfx_qspi.o
 .data          0x0000000020000010        0x0 /home/mocul/c_test/rtos_test/mocos/vendor/nordic/nrfx/drivers/src/nrfx_rng.o
 .data          0x0000000020000010        0x0 /home/mocul/c_test/rtos_test/mocos/vendor/nordic/nrfx/drivers/src/nrfx_rtc.o
 .data          0x0000000020000010        0x0 /home/mocul/c_test/rtos_test/mocos/vendor/nordic/nrfx/drivers/src/nrfx_saadc.o
 .data          0x0000000020000010        0x0 /home/mocul/c_test/rtos_test/mocos/vendor/nordic/nrfx/drivers/src/nrfx_spi.o
 .data          0x0000000020000010        0x0 /home/mocul/c_test/rtos_test/mocos/vendor/nordic/nrfx/drivers/src/nrfx_spim.o
 .data          0x0000000020000010        0x0 /home/mocul/c_test/rtos_test/mocos/vendor/nordic/nrfx/drivers/src/nrfx_spis.o
 .data          0x0000000020000010        0x0 /home/mocul/c_test/rtos_test/mocos/vendor/nordic/nrfx/drivers/src/nrfx_swi.o
 .data          0x0000000020000010        0x0 /home/mocul/c_test/rtos_test/mocos/vendor/nordic/nrfx/drivers/src/nrfx_systick.o
 .data          0x0000000020000010        0x0 /home/mocul/c_test/rtos_test/mocos/vendor/nordic/nrfx/drivers/src/nrfx_temp.o
 .data          0x0000000020000010        0x0 /home/mocul/c_test/rtos_test/mocos/vendor/nordic/nrfx/drivers/src/nrfx_timer.o
 .data          0x0000000020000010        0x0 /home/mocul/c_test/rtos_test/mocos/vendor/nordic/nrfx/drivers/src/nrfx_twi.o
 .data          0x0000000020000010        0x0 /home/mocul/c_test/rtos_test/mocos/vendor/nordic/nrfx/drivers/src/nrfx_twim.o
 .data          0x0000000020000010        0x0 /home/mocul/c_test/rtos_test/mocos/vendor/nordic/nrfx/drivers/src/nrfx_twis.o
 .data          0x0000000020000010        0x0 /home/mocul/c_test/rtos_test/mocos/vendor/nordic/nrfx/drivers/src/nrfx_twi_twim.o
 .data          0x0000000020000010        0x0 /home/mocul/c_test/rtos_test/mocos/vendor/nordic/nrfx/drivers/src/nrfx_uart.o
 .data          0x0000000020000010        0x0 /home/mocul/c_test/rtos_test/mocos/vendor/nordic/nrfx/drivers/src/nrfx_uarte.o
 .data          0x0000000020000010        0x1 /home/mocul/c_test/rtos_test/mocos/vendor/nordic/nrfx/drivers/src/nrfx_usbd.o
 .data          0x0000000020000011        0x0 /home/mocul/c_test/rtos_test/mocos/vendor/nordic/nrfx/drivers/src/nrfx_wdt.o
 .data          0x0000000020000011        0x0 /home/mocul/c_test/rtos_test/mocos/vendor/nordic/nrfx/drivers/src/prs/nrfx_prs.o
 .data          0x0000000020000011        0x0 /home/mocul/c_test/rtos_test/mocos/examples/hello_world/src/main.o
 .data          0x0000000020000011        0x0 /home/mocul/c_test/rtos_test/gcc-arm-none-eabi-10.3-2021.10/bin/../lib/gcc/arm-none-eabi/10.3.1/libgcc.a(_aeabi_uldivmod.o)
 .data          0x0000000020000011        0x0 /home/mocul/c_test/rtos_test/gcc-arm-none-eabi-10.3-2021.10/bin/../lib/gcc/arm-none-eabi/10.3.1/libgcc.a(_udivmoddi4.o)
 .data          0x0000000020000011        0x0 /home/mocul/c_test/rtos_test/gcc-arm-none-eabi-10.3-2021.10/bin/../lib/gcc/arm-none-eabi/10.3.1/libgcc.a(_dvmd_tls.o)
 .data          0x0000000020000011        0x0 /home/mocul/c_test/rtos_test/gcc-arm-none-eabi-10.3-2021.10/bin/../lib/gcc/arm-none-eabi/10.3.1/libgcc.a(_clzdi2.o)
 .data          0x0000000020000011        0x0 /home/mocul/c_test/rtos_test/gcc-arm-none-eabi-10.3-2021.10/bin/../lib/gcc/arm-none-eabi/10.3.1/libgcc.a(_clzsi2.o)
 .data          0x0000000020000011        0x0 /home/mocul/c_test/rtos_test/gcc-arm-none-eabi-10.3-2021.10/bin/../lib/gcc/arm-none-eabi/10.3.1/../../../../arm-none-eabi/lib/libc.a(lib_a-memcpy-stub.o)
 .data          0x0000000020000011        0x0 /home/mocul/c_test/rtos_test/gcc-arm-none-eabi-10.3-2021.10/bin/../lib/gcc/arm-none-eabi/10.3.1/../../../../arm-none-eabi/lib/libc.a(lib_a-memset.o)
                0x0000000020000014                . = ALIGN (0x4)
 *fill*         0x0000000020000011        0x3 
                [!provide]                        PROVIDE (__preinit_array_start = .)
 *(.preinit_array)
                [!provide]                        PROVIDE (__preinit_array_end = .)
                0x0000000020000014                . = ALIGN (0x4)
                [!provide]                        PROVIDE (__init_array_start = .)
 *(SORT_BY_NAME(.init_array.*))
 *(.init_array)
                [!provide]                        PROVIDE (__init_array_end = .)
                0x0000000020000014                . = ALIGN (0x4)
                [!provide]                        PROVIDE (__fini_array_start = .)
 *(SORT_BY_NAME(.fini_array.*))
 *(.fini_array)
                [!provide]                        PROVIDE (__fini_array_end = .)
 *(.jcr*)
                0x0000000020000014                . = ALIGN (0x4)
                0x0000000020000014                __data_end__ = .

.igot.plt       0x0000000020000014        0x0 load address 0x0000000000017440
 .igot.plt      0x0000000020000014        0x0 /home/mocul/c_test/rtos_test/mocos/vendor/nordic/nrfx/drivers/src/nrfx_clock.o

.bss            0x0000000020000014      0x710 load address 0x0000000000017440
                0x0000000020000014                . = ALIGN (0x4)
                0x0000000020000014                __bss_start__ = .
 *(.bss*)
 .bss           0x0000000020000014        0x0 /home/mocul/c_test/rtos_test/mocos/vendor/nordic/nrfx/drivers/src/nrfx_adc.o
 .bss           0x0000000020000014        0x9 /home/mocul/c_test/rtos_test/mocos/vendor/nordic/nrfx/drivers/src/nrfx_clock.o
                0x000000002000001c                nrfx_clock_irq_enabled
 *fill*         0x000000002000001d        0x3 
 .bss           0x0000000020000020        0x5 /home/mocul/c_test/rtos_test/mocos/vendor/nordic/nrfx/drivers/src/nrfx_comp.o
 .bss           0x0000000020000025        0x0 /home/mocul/c_test/rtos_test/mocos/vendor/nordic/nrfx/drivers/src/nrfx_dppi.o
 *fill*         0x0000000020000025        0x3 
 .bss           0x0000000020000028       0x5c /home/mocul/c_test/rtos_test/mocos/vendor/nordic/nrfx/drivers/src/nrfx_gpiote.o
 .bss           0x0000000020000084       0x18 /home/mocul/c_test/rtos_test/mocos/vendor/nordic/nrfx/drivers/src/nrfx_i2s.o
 .bss           0x000000002000009c        0x5 /home/mocul/c_test/rtos_test/mocos/vendor/nordic/nrfx/drivers/src/nrfx_lpcomp.o
 *fill*         0x00000000200000a1        0x3 
 .bss           0x00000000200000a4       0x11 /home/mocul/c_test/rtos_test/mocos/vendor/nordic/nrfx/drivers/src/nrfx_nfct.o
 *fill*         0x00000000200000b5        0x3 
 .bss           0x00000000200000b8        0x4 /home/mocul/c_test/rtos_test/mocos/vendor/nordic/nrfx/drivers/src/nrfx_nvmc.o
 .bss           0x00000000200000bc       0x18 /home/mocul/c_test/rtos_test/mocos/vendor/nordic/nrfx/drivers/src/nrfx_pdm.o
 .bss           0x00000000200000d4       0x10 /home/mocul/c_test/rtos_test/mocos/vendor/nordic/nrfx/drivers/src/nrfx_power.o
                0x00000000200000d4                nrfx_power_irq_enabled
 .bss           0x00000000200000e4        0x5 /home/mocul/c_test/rtos_test/mocos/vendor/nordic/nrfx/drivers/src/nrfx_ppi.o
 *fill*         0x00000000200000e9        0x3 
 .bss           0x00000000200000ec       0x20 /home/mocul/c_test/rtos_test/mocos/vendor/nordic/nrfx/drivers/src/nrfx_pwm.o
 .bss           0x000000002000010c        0x5 /home/mocul/c_test/rtos_test/mocos/vendor/nordic/nrfx/drivers/src/nrfx_qdec.o
 *fill*         0x0000000020000111        0x3 
 .bss           0x0000000020000114        0xc /home/mocul/c_test/rtos_test/mocos/vendor/nordic/nrfx/drivers/src/nrfx_qspi.o
 .bss           0x0000000020000120        0x8 /home/mocul/c_test/rtos_test/mocos/vendor/nordic/nrfx/drivers/src/nrfx_rng.o
 .bss           0x0000000020000128       0x15 /home/mocul/c_test/rtos_test/mocos/vendor/nordic/nrfx/drivers/src/nrfx_rtc.o
 *fill*         0x000000002000013d        0x3 
 .bss           0x0000000020000140       0x30 /home/mocul/c_test/rtos_test/mocos/vendor/nordic/nrfx/drivers/src/nrfx_saadc.o
 .bss           0x0000000020000170       0x84 /home/mocul/c_test/rtos_test/mocos/vendor/nordic/nrfx/drivers/src/nrfx_spi.o
 .bss           0x00000000200001f4       0x90 /home/mocul/c_test/rtos_test/mocos/vendor/nordic/nrfx/drivers/src/nrfx_spim.o
 .bss           0x0000000020000284       0x54 /home/mocul/c_test/rtos_test/mocos/vendor/nordic/nrfx/drivers/src/nrfx_spis.o
 .bss           0x00000000200002d8       0x19 /home/mocul/c_test/rtos_test/mocos/vendor/nordic/nrfx/drivers/src/nrfx_swi.o
 .bss           0x00000000200002f1        0x0 /home/mocul/c_test/rtos_test/mocos/vendor/nordic/nrfx/drivers/src/nrfx_systick.o
 *fill*         0x00000000200002f1        0x3 
 .bss           0x00000000200002f4        0x8 /home/mocul/c_test/rtos_test/mocos/vendor/nordic/nrfx/drivers/src/nrfx_temp.o
 .bss           0x00000000200002fc       0x3c /home/mocul/c_test/rtos_test/mocos/vendor/nordic/nrfx/drivers/src/nrfx_timer.o
 .bss           0x0000000020000338       0x78 /home/mocul/c_test/rtos_test/mocos/vendor/nordic/nrfx/drivers/src/nrfx_twi.o
 .bss           0x00000000200003b0       0x68 /home/mocul/c_test/rtos_test/mocos/vendor/nordic/nrfx/drivers/src/nrfx_twim.o
 .bss           0x0000000020000418       0x18 /home/mocul/c_test/rtos_test/mocos/vendor/nordic/nrfx/drivers/src/nrfx_twis.o
 .bss           0x0000000020000430        0x0 /home/mocul/c_test/rtos_test/mocos/vendor/nordic/nrfx/drivers/src/nrfx_twi_twim.o
 .bss           0x0000000020000430       0x2c /home/mocul/c_test/rtos_test/mocos/vendor/nordic/nrfx/drivers/src/nrfx_uart.o
 .bss           0x000000002000045c       0x48 /home/mocul/c_test/rtos_test/mocos/vendor/nordic/nrfx/drivers/src/nrfx_uarte.o
 .bss           0x00000000200004a4      0x250 /home/mocul/c_test/rtos_test/mocos/vendor/nordic/nrfx/drivers/src/nrfx_usbd.o
                0x00000000200005dc                m_ep_feeder_state
                0x0000000020000648                m_ep_consumer_state
 .bss           0x00000000200006f4        0x8 /home/mocul/c_test/rtos_test/mocos/vendor/nordic/nrfx/drivers/src/nrfx_wdt.o
 .bss           0x00000000200006fc       0x28 /home/mocul/c_test/rtos_test/mocos/vendor/nordic/nrfx/drivers/src/prs/nrfx_prs.o
 .bss           0x0000000020000724        0x0 /home/mocul/c_test/rtos_test/mocos/examples/hello_world/src/main.o
 .bss           0x0000000020000724        0x0 /home/mocul/c_test/rtos_test/gcc-arm-none-eabi-10.3-2021.10/bin/../lib/gcc/arm-none-eabi/10.3.1/libgcc.a(_aeabi_uldivmod.o)
 .bss           0x0000000020000724        0x0 /home/mocul/c_test/rtos_test/gcc-arm-none-eabi-10.3-2021.10/bin/../lib/gcc/arm-none-eabi/10.3.1/libgcc.a(_udivmoddi4.o)
 .bss           0x0000000020000724        0x0 /home/mocul/c_test/rtos_test/gcc-arm-none-eabi-10.3-2021.10/bin/../lib/gcc/arm-none-eabi/10.3.1/libgcc.a(_dvmd_tls.o)
 .bss           0x0000000020000724        0x0 /home/mocul/c_test/rtos_test/gcc-arm-none-eabi-10.3-2021.10/bin/../lib/gcc/arm-none-eabi/10.3.1/libgcc.a(_clzdi2.o)
 .bss           0x0000000020000724        0x0 /home/mocul/c_test/rtos_test/gcc-arm-none-eabi-10.3-2021.10/bin/../lib/gcc/arm-none-eabi/10.3.1/libgcc.a(_clzsi2.o)
 .bss           0x0000000020000724        0x0 /home/mocul/c_test/rtos_test/gcc-arm-none-eabi-10.3-2021.10/bin/../lib/gcc/arm-none-eabi/10.3.1/../../../../arm-none-eabi/lib/libc.a(lib_a-memcpy-stub.o)
 .bss           0x0000000020000724        0x0 /home/mocul/c_test/rtos_test/gcc-arm-none-eabi-10.3-2021.10/bin/../lib/gcc/arm-none-eabi/10.3.1/../../../../arm-none-eabi/lib/libc.a(lib_a-memset.o)
 *(COMMON)
                0x0000000020000724                . = ALIGN (0x4)
                0x0000000020000724                __bss_end__ = .

.heap           0x0000000020000724        0x0
                0x0000000020000724                __HeapBase = .
                0x0000000020000724                __end__ = .
                [!provide]                        PROVIDE (end = .)
 *(.heap*)
                0x0000000020000724                __HeapLimit = .

.stack_dummy    0x0000000020000724        0x0
 *(.stack*)
                0x0000000020040000                __StackTop = (ORIGIN (RAM) + LENGTH (RAM))
                0x0000000020040000                __StackLimit = (__StackTop - SIZEOF (.stack_dummy))
                [!provide]                        PROVIDE (__stack = __StackTop)
                0x0000000000000001                ASSERT ((__StackLimit >= __HeapLimit), region RAM overflowed with stack)
                0x0000000000000014                DataInitFlashUsed = (__bss_start__ - __data_start__)
                0x000000000001742c                CodeFlashUsed = (__etext - ORIGIN (FLASH))
                0x0000000000017440                TotalFlashUsed = (CodeFlashUsed + DataInitFlashUsed)
                0x0000000000000001                ASSERT ((TotalFlashUsed <= LENGTH (FLASH)), region FLASH overflowed with .data and user data)
OUTPUT(main.elf elf32-littlearm)
LOAD linker stubs

.comment        0x0000000000000000       0x49
 .comment       0x0000000000000000       0x49 /home/mocul/c_test/rtos_test/mocos/vendor/nordic/nrfx/drivers/src/nrfx_adc.o
                                         0x4a (size before relaxing)
 .comment       0x0000000000000049       0x4a /home/mocul/c_test/rtos_test/mocos/vendor/nordic/nrfx/drivers/src/nrfx_clock.o
 .comment       0x0000000000000049       0x4a /home/mocul/c_test/rtos_test/mocos/vendor/nordic/nrfx/drivers/src/nrfx_comp.o
 .comment       0x0000000000000049       0x4a /home/mocul/c_test/rtos_test/mocos/vendor/nordic/nrfx/drivers/src/nrfx_dppi.o
 .comment       0x0000000000000049       0x4a /home/mocul/c_test/rtos_test/mocos/vendor/nordic/nrfx/drivers/src/nrfx_gpiote.o
 .comment       0x0000000000000049       0x4a /home/mocul/c_test/rtos_test/mocos/vendor/nordic/nrfx/drivers/src/nrfx_i2s.o
 .comment       0x0000000000000049       0x4a /home/mocul/c_test/rtos_test/mocos/vendor/nordic/nrfx/drivers/src/nrfx_lpcomp.o
 .comment       0x0000000000000049       0x4a /home/mocul/c_test/rtos_test/mocos/vendor/nordic/nrfx/drivers/src/nrfx_nfct.o
 .comment       0x0000000000000049       0x4a /home/mocul/c_test/rtos_test/mocos/vendor/nordic/nrfx/drivers/src/nrfx_nvmc.o
 .comment       0x0000000000000049       0x4a /home/mocul/c_test/rtos_test/mocos/vendor/nordic/nrfx/drivers/src/nrfx_pdm.o
 .comment       0x0000000000000049       0x4a /home/mocul/c_test/rtos_test/mocos/vendor/nordic/nrfx/drivers/src/nrfx_power.o
 .comment       0x0000000000000049       0x4a /home/mocul/c_test/rtos_test/mocos/vendor/nordic/nrfx/drivers/src/nrfx_ppi.o
 .comment       0x0000000000000049       0x4a /home/mocul/c_test/rtos_test/mocos/vendor/nordic/nrfx/drivers/src/nrfx_pwm.o
 .comment       0x0000000000000049       0x4a /home/mocul/c_test/rtos_test/mocos/vendor/nordic/nrfx/drivers/src/nrfx_qdec.o
 .comment       0x0000000000000049       0x4a /home/mocul/c_test/rtos_test/mocos/vendor/nordic/nrfx/drivers/src/nrfx_qspi.o
 .comment       0x0000000000000049       0x4a /home/mocul/c_test/rtos_test/mocos/vendor/nordic/nrfx/drivers/src/nrfx_rng.o
 .comment       0x0000000000000049       0x4a /home/mocul/c_test/rtos_test/mocos/vendor/nordic/nrfx/drivers/src/nrfx_rtc.o
 .comment       0x0000000000000049       0x4a /home/mocul/c_test/rtos_test/mocos/vendor/nordic/nrfx/drivers/src/nrfx_saadc.o
 .comment       0x0000000000000049       0x4a /home/mocul/c_test/rtos_test/mocos/vendor/nordic/nrfx/drivers/src/nrfx_spi.o
 .comment       0x0000000000000049       0x4a /home/mocul/c_test/rtos_test/mocos/vendor/nordic/nrfx/drivers/src/nrfx_spim.o
 .comment       0x0000000000000049       0x4a /home/mocul/c_test/rtos_test/mocos/vendor/nordic/nrfx/drivers/src/nrfx_spis.o
 .comment       0x0000000000000049       0x4a /home/mocul/c_test/rtos_test/mocos/vendor/nordic/nrfx/drivers/src/nrfx_swi.o
 .comment       0x0000000000000049       0x4a /home/mocul/c_test/rtos_test/mocos/vendor/nordic/nrfx/drivers/src/nrfx_systick.o
 .comment       0x0000000000000049       0x4a /home/mocul/c_test/rtos_test/mocos/vendor/nordic/nrfx/drivers/src/nrfx_temp.o
 .comment       0x0000000000000049       0x4a /home/mocul/c_test/rtos_test/mocos/vendor/nordic/nrfx/drivers/src/nrfx_timer.o
 .comment       0x0000000000000049       0x4a /home/mocul/c_test/rtos_test/mocos/vendor/nordic/nrfx/drivers/src/nrfx_twi.o
 .comment       0x0000000000000049       0x4a /home/mocul/c_test/rtos_test/mocos/vendor/nordic/nrfx/drivers/src/nrfx_twim.o
 .comment       0x0000000000000049       0x4a /home/mocul/c_test/rtos_test/mocos/vendor/nordic/nrfx/drivers/src/nrfx_twis.o
 .comment       0x0000000000000049       0x4a /home/mocul/c_test/rtos_test/mocos/vendor/nordic/nrfx/drivers/src/nrfx_twi_twim.o
 .comment       0x0000000000000049       0x4a /home/mocul/c_test/rtos_test/mocos/vendor/nordic/nrfx/drivers/src/nrfx_uart.o
 .comment       0x0000000000000049       0x4a /home/mocul/c_test/rtos_test/mocos/vendor/nordic/nrfx/drivers/src/nrfx_uarte.o
 .comment       0x0000000000000049       0x4a /home/mocul/c_test/rtos_test/mocos/vendor/nordic/nrfx/drivers/src/nrfx_usbd.o
 .comment       0x0000000000000049       0x4a /home/mocul/c_test/rtos_test/mocos/vendor/nordic/nrfx/drivers/src/nrfx_wdt.o
 .comment       0x0000000000000049       0x4a /home/mocul/c_test/rtos_test/mocos/vendor/nordic/nrfx/drivers/src/prs/nrfx_prs.o
 .comment       0x0000000000000049       0x4a /home/mocul/c_test/rtos_test/mocos/examples/hello_world/src/main.o

.ARM.attributes
                0x0000000000000000       0x30
 .ARM.attributes
                0x0000000000000000       0x2e /home/mocul/c_test/rtos_test/mocos/vendor/nordic/nrfx/drivers/src/nrfx_adc.o
 .ARM.attributes
                0x000000000000002e       0x2e /home/mocul/c_test/rtos_test/mocos/vendor/nordic/nrfx/drivers/src/nrfx_clock.o
 .ARM.attributes
                0x000000000000005c       0x2e /home/mocul/c_test/rtos_test/mocos/vendor/nordic/nrfx/drivers/src/nrfx_comp.o
 .ARM.attributes
                0x000000000000008a       0x2e /home/mocul/c_test/rtos_test/mocos/vendor/nordic/nrfx/drivers/src/nrfx_dppi.o
 .ARM.attributes
                0x00000000000000b8       0x2e /home/mocul/c_test/rtos_test/mocos/vendor/nordic/nrfx/drivers/src/nrfx_gpiote.o
 .ARM.attributes
                0x00000000000000e6       0x2e /home/mocul/c_test/rtos_test/mocos/vendor/nordic/nrfx/drivers/src/nrfx_i2s.o
 .ARM.attributes
                0x0000000000000114       0x2e /home/mocul/c_test/rtos_test/mocos/vendor/nordic/nrfx/drivers/src/nrfx_lpcomp.o
 .ARM.attributes
                0x0000000000000142       0x2e /home/mocul/c_test/rtos_test/mocos/vendor/nordic/nrfx/drivers/src/nrfx_nfct.o
 .ARM.attributes
                0x0000000000000170       0x2e /home/mocul/c_test/rtos_test/mocos/vendor/nordic/nrfx/drivers/src/nrfx_nvmc.o
 .ARM.attributes
                0x000000000000019e       0x2e /home/mocul/c_test/rtos_test/mocos/vendor/nordic/nrfx/drivers/src/nrfx_pdm.o
 .ARM.attributes
                0x00000000000001cc       0x2e /home/mocul/c_test/rtos_test/mocos/vendor/nordic/nrfx/drivers/src/nrfx_power.o
 .ARM.attributes
                0x00000000000001fa       0x2e /home/mocul/c_test/rtos_test/mocos/vendor/nordic/nrfx/drivers/src/nrfx_ppi.o
 .ARM.attributes
                0x0000000000000228       0x2e /home/mocul/c_test/rtos_test/mocos/vendor/nordic/nrfx/drivers/src/nrfx_pwm.o
 .ARM.attributes
                0x0000000000000256       0x2e /home/mocul/c_test/rtos_test/mocos/vendor/nordic/nrfx/drivers/src/nrfx_qdec.o
 .ARM.attributes
                0x0000000000000284       0x2e /home/mocul/c_test/rtos_test/mocos/vendor/nordic/nrfx/drivers/src/nrfx_qspi.o
 .ARM.attributes
                0x00000000000002b2       0x2e /home/mocul/c_test/rtos_test/mocos/vendor/nordic/nrfx/drivers/src/nrfx_rng.o
 .ARM.attributes
                0x00000000000002e0       0x2e /home/mocul/c_test/rtos_test/mocos/vendor/nordic/nrfx/drivers/src/nrfx_rtc.o
 .ARM.attributes
                0x000000000000030e       0x2e /home/mocul/c_test/rtos_test/mocos/vendor/nordic/nrfx/drivers/src/nrfx_saadc.o
 .ARM.attributes
                0x000000000000033c       0x2e /home/mocul/c_test/rtos_test/mocos/vendor/nordic/nrfx/drivers/src/nrfx_spi.o
 .ARM.attributes
                0x000000000000036a       0x2e /home/mocul/c_test/rtos_test/mocos/vendor/nordic/nrfx/drivers/src/nrfx_spim.o
 .ARM.attributes
                0x0000000000000398       0x2e /home/mocul/c_test/rtos_test/mocos/vendor/nordic/nrfx/drivers/src/nrfx_spis.o
 .ARM.attributes
                0x00000000000003c6       0x2e /home/mocul/c_test/rtos_test/mocos/vendor/nordic/nrfx/drivers/src/nrfx_swi.o
 .ARM.attributes
                0x00000000000003f4       0x2e /home/mocul/c_test/rtos_test/mocos/vendor/nordic/nrfx/drivers/src/nrfx_systick.o
 .ARM.attributes
                0x0000000000000422       0x2e /home/mocul/c_test/rtos_test/mocos/vendor/nordic/nrfx/drivers/src/nrfx_temp.o
 .ARM.attributes
                0x0000000000000450       0x2e /home/mocul/c_test/rtos_test/mocos/vendor/nordic/nrfx/drivers/src/nrfx_timer.o
 .ARM.attributes
                0x000000000000047e       0x2e /home/mocul/c_test/rtos_test/mocos/vendor/nordic/nrfx/drivers/src/nrfx_twi.o
 .ARM.attributes
                0x00000000000004ac       0x2e /home/mocul/c_test/rtos_test/mocos/vendor/nordic/nrfx/drivers/src/nrfx_twim.o
 .ARM.attributes
                0x00000000000004da       0x2e /home/mocul/c_test/rtos_test/mocos/vendor/nordic/nrfx/drivers/src/nrfx_twis.o
 .ARM.attributes
                0x0000000000000508       0x2e /home/mocul/c_test/rtos_test/mocos/vendor/nordic/nrfx/drivers/src/nrfx_twi_twim.o
 .ARM.attributes
                0x0000000000000536       0x2e /home/mocul/c_test/rtos_test/mocos/vendor/nordic/nrfx/drivers/src/nrfx_uart.o
 .ARM.attributes
                0x0000000000000564       0x2e /home/mocul/c_test/rtos_test/mocos/vendor/nordic/nrfx/drivers/src/nrfx_uarte.o
 .ARM.attributes
                0x0000000000000592       0x2e /home/mocul/c_test/rtos_test/mocos/vendor/nordic/nrfx/drivers/src/nrfx_usbd.o
 .ARM.attributes
                0x00000000000005c0       0x2e /home/mocul/c_test/rtos_test/mocos/vendor/nordic/nrfx/drivers/src/nrfx_wdt.o
 .ARM.attributes
                0x00000000000005ee       0x2e /home/mocul/c_test/rtos_test/mocos/vendor/nordic/nrfx/drivers/src/prs/nrfx_prs.o
 .ARM.attributes
                0x000000000000061c       0x2e /home/mocul/c_test/rtos_test/mocos/examples/hello_world/src/main.o
 .ARM.attributes
                0x000000000000064a       0x1c /home/mocul/c_test/rtos_test/gcc-arm-none-eabi-10.3-2021.10/bin/../lib/gcc/arm-none-eabi/10.3.1/libgcc.a(_aeabi_uldivmod.o)
 .ARM.attributes
                0x0000000000000666       0x2a /home/mocul/c_test/rtos_test/gcc-arm-none-eabi-10.3-2021.10/bin/../lib/gcc/arm-none-eabi/10.3.1/libgcc.a(_udivmoddi4.o)
 .ARM.attributes
                0x0000000000000690       0x1c /home/mocul/c_test/rtos_test/gcc-arm-none-eabi-10.3-2021.10/bin/../lib/gcc/arm-none-eabi/10.3.1/libgcc.a(_dvmd_tls.o)
 .ARM.attributes
                0x00000000000006ac       0x1c /home/mocul/c_test/rtos_test/gcc-arm-none-eabi-10.3-2021.10/bin/../lib/gcc/arm-none-eabi/10.3.1/libgcc.a(_clzdi2.o)
 .ARM.attributes
                0x00000000000006c8       0x1c /home/mocul/c_test/rtos_test/gcc-arm-none-eabi-10.3-2021.10/bin/../lib/gcc/arm-none-eabi/10.3.1/libgcc.a(_clzsi2.o)
 .ARM.attributes
                0x00000000000006e4       0x2a /home/mocul/c_test/rtos_test/gcc-arm-none-eabi-10.3-2021.10/bin/../lib/gcc/arm-none-eabi/10.3.1/../../../../arm-none-eabi/lib/libc.a(lib_a-memcpy-stub.o)
 .ARM.attributes
                0x000000000000070e       0x2a /home/mocul/c_test/rtos_test/gcc-arm-none-eabi-10.3-2021.10/bin/../lib/gcc/arm-none-eabi/10.3.1/../../../../arm-none-eabi/lib/libc.a(lib_a-memset.o)

.debug_frame    0x0000000000000000       0xec
 .debug_frame   0x0000000000000000       0x2c /home/mocul/c_test/rtos_test/gcc-arm-none-eabi-10.3-2021.10/bin/../lib/gcc/arm-none-eabi/10.3.1/libgcc.a(_aeabi_uldivmod.o)
 .debug_frame   0x000000000000002c       0x40 /home/mocul/c_test/rtos_test/gcc-arm-none-eabi-10.3-2021.10/bin/../lib/gcc/arm-none-eabi/10.3.1/libgcc.a(_udivmoddi4.o)
 .debug_frame   0x000000000000006c       0x38 /home/mocul/c_test/rtos_test/gcc-arm-none-eabi-10.3-2021.10/bin/../lib/gcc/arm-none-eabi/10.3.1/../../../../arm-none-eabi/lib/libc.a(lib_a-memcpy-stub.o)
 .debug_frame   0x00000000000000a4       0x48 /home/mocul/c_test/rtos_test/gcc-arm-none-eabi-10.3-2021.10/bin/../lib/gcc/arm-none-eabi/10.3.1/../../../../arm-none-eabi/lib/libc.a(lib_a-memset.o)
